******************************************************************************
                  MSP430 Linker PC v4.0.0                      
******************************************************************************
>> Linked Mon Apr 22 01:06:59 2013

OUTPUT FILE NAME:   <LCD_SelfScan.out>
ENTRY POINT SYMBOL: "_c_int00"  address: 0000cc82


MEMORY CONFIGURATION

         name            origin    length      used     unused   attr    fill
----------------------  --------  ---------  --------  --------  ----  --------
  SFR                   00000000   00000010  00000000  00000010  RWIX
  PERIPHERALS_8BIT      00000010   000000f0  00000000  000000f0  RWIX
  PERIPHERALS_16BIT     00000100   00000100  00000000  00000100  RWIX
  RAM                   00000200   00000200  00000074  0000018c  RWIX
  INFOD                 00001000   00000040  00000000  00000040  RWIX
  INFOC                 00001040   00000040  00000000  00000040  RWIX
  INFOB                 00001080   00000040  00000000  00000040  RWIX
  INFOA                 000010c0   00000040  00000000  00000040  RWIX
  FLASH                 0000c000   00003fe0  00000e02  000031de  RWIX
  INT00                 0000ffe0   00000002  00000000  00000002  RWIX
  INT01                 0000ffe2   00000002  00000000  00000002  RWIX
  INT02                 0000ffe4   00000002  00000000  00000002  RWIX
  INT03                 0000ffe6   00000002  00000000  00000002  RWIX
  INT04                 0000ffe8   00000002  00000000  00000002  RWIX
  INT05                 0000ffea   00000002  00000000  00000002  RWIX
  INT06                 0000ffec   00000002  00000002  00000000  RWIX
  INT07                 0000ffee   00000002  00000000  00000002  RWIX
  INT08                 0000fff0   00000002  00000000  00000002  RWIX
  INT09                 0000fff2   00000002  00000000  00000002  RWIX
  INT10                 0000fff4   00000002  00000000  00000002  RWIX
  INT11                 0000fff6   00000002  00000000  00000002  RWIX
  INT12                 0000fff8   00000002  00000000  00000002  RWIX
  INT13                 0000fffa   00000002  00000000  00000002  RWIX
  INT14                 0000fffc   00000002  00000000  00000002  RWIX
  RESET                 0000fffe   00000002  00000002  00000000  RWIX


SECTION ALLOCATION MAP

 output                                  attributes/
section   page    origin      length       input sections
--------  ----  ----------  ----------   ----------------
.pinit     0    0000c000    00000000     UNINITIALIZED

.bss       0    00000200    00000024     UNINITIALIZED
                  00000200    00000010     LCD_128.obj (.bss)
                  00000210    00000007     I2C.obj (.bss)
                  00000217    00000001     --HOLE--
                  00000218    00000004     TCA6416A.obj (.bss)
                  0000021c    00000004     rts430.lib : _lock.obj (.bss)
                  00000220    00000004                : boot.obj (.bss)

.stack     0    000003b0    00000050     UNINITIALIZED
                  000003b0    00000002     rts430.lib : boot.obj (.stack)
                  000003b2    0000004e     --HOLE--

.text      0    0000c000    00000dc8     
                  0000c000    00000516     LCD_128.obj (.text:LCD_DisplayDigit)
                  0000c516    0000018a     main.obj (.text:main)
                  0000c6a0    000000e4     HT1621.obj (.text:HT1621_init)
                  0000c784    000000b6     LCD_128.obj (.text:LCD_DisplayNum)
                  0000c83a    000000b4     TCA6416A.obj (.text:PinOUT)
                  0000c8ee    00000082     HT1621.obj (.text:HT1621_Reflash)
                  0000c970    00000058     rts430.lib : div32u.obj (.text)
                  0000c9c8    00000056     TCA6416A.obj (.text:TCA6416A_Init)
                  0000ca1e    0000004c     rts430.lib : lsr16.obj (.text)
                  0000ca6a    00000046                : autoinit.obj (.text:_auto_init)
                  0000cab0    00000040                : div32s.obj (.text)
                  0000caf0    0000003e     I2C.obj (.text:USCIAB0TX_ISR)
                  0000cb2e    0000003c     main.obj (.text:LCD_Display_Pass)
                  0000cb6a    00000038     I2C.obj (.text:I2C_Init)
                  0000cba2    00000036     HT1621.obj (.text:HT1621_SendBit)
                  0000cbd8    0000002c     rts430.lib : asr16.obj (.text)
                  0000cc04    0000002c                : div16s.obj (.text)
                  0000cc30    0000002c                : lsl16.obj (.text)
                  0000cc5c    00000026     I2C.obj (.text:I2C_TxFrame)
                  0000cc82    00000026     rts430.lib : boot.obj (.text:_c_int00_noexit)
                  0000cca8    00000022     I2C.obj (.text:I2C_TxFrame_ISR)
                  0000ccca    00000020     I2C.obj (.text:I2C_Tx_Init)
                  0000ccea    0000001e     I2C.obj (.text:I2C_RxFrame_ISR)
                  0000cd08    0000001e     LCD_128.obj (.text:LCD_ClearSeg)
                  0000cd26    0000001e     LCD_128.obj (.text:LCD_DisplaySeg)
                  0000cd44    00000018     TCA6416A.obj (.text:TCA6416_Tx_Frame)
                  0000cd5c    00000016     LCD_128.obj (.text:LCD_Clear)
                  0000cd72    00000016     rts430.lib : div16u.obj (.text)
                  0000cd88    00000014                : memset.obj (.text:memset)
                  0000cd9c    00000012                : memcpy.obj (.text:memcpy)
                  0000cdae    00000010                : epilog.obj (.text)
                  0000cdbe    00000004                : pre_init.obj (.text:_system_pre_init)
                  0000cdc2    00000004                : exit.obj (.text:abort)
                  0000cdc6    00000002                : _lock.obj (.text:_nop)

.cinit     0    0000cdc8    0000003a     
                  0000cdc8    00000014     LCD_128.obj (.cinit)
                  0000cddc    00000011     I2C.obj (.cinit)
                  0000cded    00000001     --HOLE-- [fill = 0]
                  0000cdee    00000011     TCA6416A.obj (.cinit)
                  0000cdff    00000001     --HOLE-- [fill = 0]
                  0000ce00    00000002     (.pad.cinit) [fill = 0]

.int06     0    0000ffec    00000002     
                  0000ffec    00000002     I2C.obj (.int06)

.reset     0    0000fffe    00000002     
                  0000fffe    00000002     rts430.lib : boot.obj (.reset)


GLOBAL SYMBOLS: SORTED ALPHABETICALLY BY Name 

address    name
--------   ----
00000200   .bss
0000c000   .text
0000004a   ADC10AE0
000001b0   ADC10CTL0
000001b2   ADC10CTL1
00000048   ADC10DTC0
00000049   ADC10DTC1
000001b4   ADC10MEM
000001bc   ADC10SA
00000057   BCSCTL1
00000058   BCSCTL2
00000053   BCSCTL3
0000cdc2   C$$EXIT
00000059   CACTL1
0000005a   CACTL2
000010fb   CALBC1_12MHZ
000010f9   CALBC1_16MHZ
000010ff   CALBC1_1MHZ
000010fd   CALBC1_8MHZ
000010fa   CALDCO_12MHZ
000010f8   CALDCO_16MHZ
000010fe   CALDCO_1MHZ
000010fc   CALDCO_8MHZ
0000005b   CAPD
00000056   DCOCTL
00000128   FCTL1
0000012a   FCTL2
0000012c   FCTL3
0000c8ee   HT1621_Reflash
0000cba2   HT1621_SendBit
0000c6a0   HT1621_init
0000cb6a   I2C_Init
0000ccea   I2C_RxFrame_ISR
00000216   I2C_State
0000cc5c   I2C_TxFrame
0000cca8   I2C_TxFrame_ISR
0000ccca   I2C_Tx_Init
00000000   IE1
00000001   IE2
00000002   IFG1
00000003   IFG2
0000cbd8   I_ASR
0000cc00   I_ASR_1
0000cbee   I_ASR_10
0000cbec   I_ASR_11
0000cbea   I_ASR_12
0000cbe8   I_ASR_13
0000cbe6   I_ASR_14
0000cbe4   I_ASR_15
0000cbfe   I_ASR_2
0000cbfc   I_ASR_3
0000cbfa   I_ASR_4
0000cbf8   I_ASR_5
0000cbf6   I_ASR_6
0000cbf4   I_ASR_7
0000cbf2   I_ASR_8
0000cbf0   I_ASR_9
0000cc30   I_LSL
0000cc58   I_LSL_1
0000cc46   I_LSL_10
0000cc44   I_LSL_11
0000cc42   I_LSL_12
0000cc40   I_LSL_13
0000cc3e   I_LSL_14
0000cc3c   I_LSL_15
0000cc56   I_LSL_2
0000cc54   I_LSL_3
0000cc52   I_LSL_4
0000cc50   I_LSL_5
0000cc4e   I_LSL_6
0000cc4c   I_LSL_7
0000cc4a   I_LSL_8
0000cc48   I_LSL_9
0000ca1e   I_LSR
0000ca64   I_LSR_1
0000ca40   I_LSR_10
0000ca3c   I_LSR_11
0000ca38   I_LSR_12
0000ca34   I_LSR_13
0000ca30   I_LSR_14
0000ca2c   I_LSR_15
0000ca60   I_LSR_2
0000ca5c   I_LSR_3
0000ca58   I_LSR_4
0000ca54   I_LSR_5
0000ca50   I_LSR_6
0000ca4c   I_LSR_7
0000ca48   I_LSR_8
0000ca44   I_LSR_9
00000200   LCD_Buffer
0000cd5c   LCD_Clear
0000cd08   LCD_ClearSeg
0000c000   LCD_DisplayDigit
0000c784   LCD_DisplayNum
0000cd26   LCD_DisplaySeg
0000cb2e   LCD_Display_Pass
00000022   P1DIR
00000025   P1IE
00000024   P1IES
00000023   P1IFG
00000020   P1IN
00000021   P1OUT
00000027   P1REN
00000026   P1SEL
00000041   P1SEL2
0000002a   P2DIR
0000002d   P2IE
0000002c   P2IES
0000002b   P2IFG
00000028   P2IN
00000029   P2OUT
0000002f   P2REN
0000002e   P2SEL
00000042   P2SEL2
0000001a   P3DIR
00000018   P3IN
00000019   P3OUT
00000010   P3REN
0000001b   P3SEL
00000043   P3SEL2
0000c83a   PinOUT
00000172   TA0CCR0
00000174   TA0CCR1
00000176   TA0CCR2
00000162   TA0CCTL0
00000164   TA0CCTL1
00000166   TA0CCTL2
00000160   TA0CTL
0000012e   TA0IV
00000170   TA0R
00000192   TA1CCR0
00000194   TA1CCR1
00000196   TA1CCR2
00000182   TA1CCTL0
00000184   TA1CCTL1
00000186   TA1CCTL2
00000180   TA1CTL
0000011e   TA1IV
00000190   TA1R
0000c9c8   TCA6416A_Init
00000218   TCA6416A_InputBuffer
0000cd44   TCA6416_Tx_Frame
0000005d   UCA0ABCTL
00000062   UCA0BR0
00000063   UCA0BR1
00000060   UCA0CTL0
00000061   UCA0CTL1
0000005f   UCA0IRRCTL
0000005e   UCA0IRTCTL
00000064   UCA0MCTL
00000066   UCA0RXBUF
00000065   UCA0STAT
00000067   UCA0TXBUF
0000006a   UCB0BR0
0000006b   UCB0BR1
00000068   UCB0CTL0
00000069   UCB0CTL1
0000006c   UCB0I2CIE
00000118   UCB0I2COA
0000011a   UCB0I2CSA
0000006e   UCB0RXBUF
0000006d   UCB0STAT
0000006f   UCB0TXBUF
0000caf0   USCIAB0TX_ISR
00000120   WDTCTL
00000400   __STACK_END
00000050   __STACK_SIZE
00000001   __TI_args_main
00000001   __TI_auto_init
00000001   __TI_exit
ffffffff   __binit__
00000200   __bss__
ffffffff   __c_args__
0000cdc8   __cinit__
0000cc04   __divi
0000cab0   __divli
0000cd72   __divu
0000c970   __divul
00000224   __end__
0000cdc8   __etext__
ffffffff   __pinit__
0000cc04   __remi
0000cab0   __remli
0000cd72   __remu
0000c970   __remul
0000c000   __text__
0000ca6a   _auto_init
0000cc82   _c_int00
0000cc82   _c_int00_noexit
00000220   _cleanup_ptr
00000222   _dtors_ptr
0000021c   _lock
0000cdc6   _nop
0000fffe   _reset_vector
000003b0   _stack
0000cdbe   _system_pre_init
0000021e   _unlock
0000cdc2   abort
ffffffff   binit
0000cdc8   cinit
00000224   end
0000cdc8   etext
0000cdba   func_epilog_1
0000cdb8   func_epilog_2
0000cdb6   func_epilog_3
0000cdb4   func_epilog_4
0000cdb2   func_epilog_5
0000cdb0   func_epilog_6
0000cdae   func_epilog_7
0000c516   main
0000cd9c   memcpy
0000cd88   memset
ffffffff   pinit


GLOBAL SYMBOLS: SORTED BY Symbol Address 

address    name
--------   ----
00000000   IE1
00000001   IE2
00000001   __TI_args_main
00000001   __TI_auto_init
00000001   __TI_exit
00000002   IFG1
00000003   IFG2
00000010   P3REN
00000018   P3IN
00000019   P3OUT
0000001a   P3DIR
0000001b   P3SEL
00000020   P1IN
00000021   P1OUT
00000022   P1DIR
00000023   P1IFG
00000024   P1IES
00000025   P1IE
00000026   P1SEL
00000027   P1REN
00000028   P2IN
00000029   P2OUT
0000002a   P2DIR
0000002b   P2IFG
0000002c   P2IES
0000002d   P2IE
0000002e   P2SEL
0000002f   P2REN
00000041   P1SEL2
00000042   P2SEL2
00000043   P3SEL2
00000048   ADC10DTC0
00000049   ADC10DTC1
0000004a   ADC10AE0
00000050   __STACK_SIZE
00000053   BCSCTL3
00000056   DCOCTL
00000057   BCSCTL1
00000058   BCSCTL2
00000059   CACTL1
0000005a   CACTL2
0000005b   CAPD
0000005d   UCA0ABCTL
0000005e   UCA0IRTCTL
0000005f   UCA0IRRCTL
00000060   UCA0CTL0
00000061   UCA0CTL1
00000062   UCA0BR0
00000063   UCA0BR1
00000064   UCA0MCTL
00000065   UCA0STAT
00000066   UCA0RXBUF
00000067   UCA0TXBUF
00000068   UCB0CTL0
00000069   UCB0CTL1
0000006a   UCB0BR0
0000006b   UCB0BR1
0000006c   UCB0I2CIE
0000006d   UCB0STAT
0000006e   UCB0RXBUF
0000006f   UCB0TXBUF
00000118   UCB0I2COA
0000011a   UCB0I2CSA
0000011e   TA1IV
00000120   WDTCTL
00000128   FCTL1
0000012a   FCTL2
0000012c   FCTL3
0000012e   TA0IV
00000160   TA0CTL
00000162   TA0CCTL0
00000164   TA0CCTL1
00000166   TA0CCTL2
00000170   TA0R
00000172   TA0CCR0
00000174   TA0CCR1
00000176   TA0CCR2
00000180   TA1CTL
00000182   TA1CCTL0
00000184   TA1CCTL1
00000186   TA1CCTL2
00000190   TA1R
00000192   TA1CCR0
00000194   TA1CCR1
00000196   TA1CCR2
000001b0   ADC10CTL0
000001b2   ADC10CTL1
000001b4   ADC10MEM
000001bc   ADC10SA
00000200   .bss
00000200   LCD_Buffer
00000200   __bss__
00000216   I2C_State
00000218   TCA6416A_InputBuffer
0000021c   _lock
0000021e   _unlock
00000220   _cleanup_ptr
00000222   _dtors_ptr
00000224   __end__
00000224   end
000003b0   _stack
00000400   __STACK_END
000010f8   CALDCO_16MHZ
000010f9   CALBC1_16MHZ
000010fa   CALDCO_12MHZ
000010fb   CALBC1_12MHZ
000010fc   CALDCO_8MHZ
000010fd   CALBC1_8MHZ
000010fe   CALDCO_1MHZ
000010ff   CALBC1_1MHZ
0000c000   .text
0000c000   LCD_DisplayDigit
0000c000   __text__
0000c516   main
0000c6a0   HT1621_init
0000c784   LCD_DisplayNum
0000c83a   PinOUT
0000c8ee   HT1621_Reflash
0000c970   __divul
0000c970   __remul
0000c9c8   TCA6416A_Init
0000ca1e   I_LSR
0000ca2c   I_LSR_15
0000ca30   I_LSR_14
0000ca34   I_LSR_13
0000ca38   I_LSR_12
0000ca3c   I_LSR_11
0000ca40   I_LSR_10
0000ca44   I_LSR_9
0000ca48   I_LSR_8
0000ca4c   I_LSR_7
0000ca50   I_LSR_6
0000ca54   I_LSR_5
0000ca58   I_LSR_4
0000ca5c   I_LSR_3
0000ca60   I_LSR_2
0000ca64   I_LSR_1
0000ca6a   _auto_init
0000cab0   __divli
0000cab0   __remli
0000caf0   USCIAB0TX_ISR
0000cb2e   LCD_Display_Pass
0000cb6a   I2C_Init
0000cba2   HT1621_SendBit
0000cbd8   I_ASR
0000cbe4   I_ASR_15
0000cbe6   I_ASR_14
0000cbe8   I_ASR_13
0000cbea   I_ASR_12
0000cbec   I_ASR_11
0000cbee   I_ASR_10
0000cbf0   I_ASR_9
0000cbf2   I_ASR_8
0000cbf4   I_ASR_7
0000cbf6   I_ASR_6
0000cbf8   I_ASR_5
0000cbfa   I_ASR_4
0000cbfc   I_ASR_3
0000cbfe   I_ASR_2
0000cc00   I_ASR_1
0000cc04   __divi
0000cc04   __remi
0000cc30   I_LSL
0000cc3c   I_LSL_15
0000cc3e   I_LSL_14
0000cc40   I_LSL_13
0000cc42   I_LSL_12
0000cc44   I_LSL_11
0000cc46   I_LSL_10
0000cc48   I_LSL_9
0000cc4a   I_LSL_8
0000cc4c   I_LSL_7
0000cc4e   I_LSL_6
0000cc50   I_LSL_5
0000cc52   I_LSL_4
0000cc54   I_LSL_3
0000cc56   I_LSL_2
0000cc58   I_LSL_1
0000cc5c   I2C_TxFrame
0000cc82   _c_int00
0000cc82   _c_int00_noexit
0000cca8   I2C_TxFrame_ISR
0000ccca   I2C_Tx_Init
0000ccea   I2C_RxFrame_ISR
0000cd08   LCD_ClearSeg
0000cd26   LCD_DisplaySeg
0000cd44   TCA6416_Tx_Frame
0000cd5c   LCD_Clear
0000cd72   __divu
0000cd72   __remu
0000cd88   memset
0000cd9c   memcpy
0000cdae   func_epilog_7
0000cdb0   func_epilog_6
0000cdb2   func_epilog_5
0000cdb4   func_epilog_4
0000cdb6   func_epilog_3
0000cdb8   func_epilog_2
0000cdba   func_epilog_1
0000cdbe   _system_pre_init
0000cdc2   C$$EXIT
0000cdc2   abort
0000cdc6   _nop
0000cdc8   __cinit__
0000cdc8   __etext__
0000cdc8   cinit
0000cdc8   etext
0000fffe   _reset_vector
ffffffff   __binit__
ffffffff   __c_args__
ffffffff   __pinit__
ffffffff   binit
ffffffff   pinit

[213 symbols]
