******************************************************************************
                  MSP430 Linker PC v4.0.0                      
******************************************************************************
>> Linked Tue Apr 09 14:41:53 2013

OUTPUT FILE NAME:   <DCO_Calb_Test.out>
ENTRY POINT SYMBOL: "_c_int00"  address: 0000c48a


MEMORY CONFIGURATION

         name            origin    length      used     unused   attr    fill
----------------------  --------  ---------  --------  --------  ----  --------
  SFR                   00000000   00000010  00000000  00000010  RWIX
  PERIPHERALS_8BIT      00000010   000000f0  00000000  000000f0  RWIX
  PERIPHERALS_16BIT     00000100   00000100  00000000  00000100  RWIX
  RAM                   00000200   00000200  000001bc  00000044  RWIX
  INFOD                 00001000   00000040  00000000  00000040  RWIX
  INFOC                 00001040   00000040  00000000  00000040  RWIX
  INFOB                 00001080   00000040  00000000  00000040  RWIX
  INFOA                 000010c0   00000040  00000000  00000040  RWIX
  FLASH                 0000c000   00003fe0  0000054e  00003a92  RWIX
  INT00                 0000ffe0   00000002  00000000  00000002  RWIX
  INT01                 0000ffe2   00000002  00000000  00000002  RWIX
  INT02                 0000ffe4   00000002  00000000  00000002  RWIX
  INT03                 0000ffe6   00000002  00000000  00000002  RWIX
  INT04                 0000ffe8   00000002  00000000  00000002  RWIX
  INT05                 0000ffea   00000002  00000000  00000002  RWIX
  INT06                 0000ffec   00000002  00000000  00000002  RWIX
  INT07                 0000ffee   00000002  00000000  00000002  RWIX
  INT08                 0000fff0   00000002  00000000  00000002  RWIX
  INT09                 0000fff2   00000002  00000000  00000002  RWIX
  INT10                 0000fff4   00000002  00000002  00000000  RWIX
  INT11                 0000fff6   00000002  00000000  00000002  RWIX
  INT12                 0000fff8   00000002  00000000  00000002  RWIX
  INT13                 0000fffa   00000002  00000000  00000002  RWIX
  INT14                 0000fffc   00000002  00000000  00000002  RWIX
  RESET                 0000fffe   00000002  00000002  00000000  RWIX


SECTION ALLOCATION MAP

 output                                  attributes/
section   page    origin      length       input sections
--------  ----  ----------  ----------   ----------------
.pinit     0    0000c000    00000000     UNINITIALIZED

.bss       0    00000200    0000016c     UNINITIALIZED
                  00000200    00000160     main.obj (.bss)
                  00000360    00000004     Flash.obj (.bss)
                  00000364    00000004     rts430.lib : _lock.obj (.bss)
                  00000368    00000004                : boot.obj (.bss)

.stack     0    000003b0    00000050     UNINITIALIZED
                  000003b0    00000002     rts430.lib : boot.obj (.stack)
                  000003b2    0000004e     --HOLE--

.text      0    0000c000    00000502     
                  0000c000    0000009a     main.obj (.text:Measure_MODx)
                  0000c09a    00000090     Flash.obj (.text:Flash_Init)
                  0000c12a    00000058     rts430.lib : div32u.obj (.text)
                  0000c182    00000052     main.obj (.text:Find_RSELx_DCOx_Winer)
                  0000c1d4    00000050     Flash.obj (.text:Flash_Direct_WriteWord)
                  0000c224    0000004e     main.obj (.text:Measure_Temp)
                  0000c272    0000004c     main.obj (.text:Calculate_InfoFlash_Data)
                  0000c2be    00000046     rts430.lib : autoinit.obj (.text:_auto_init)
                  0000c304    00000042     main.obj (.text:Write_InfoFlashB)
                  0000c346    00000040     main.obj (.text:main)
                  0000c386    0000003e     rts430.lib : lsl32.obj (.text:l_lsl_const)
                  0000c3c4    0000003c     main.obj (.text:DCOTest)
                  0000c400    00000030     main.obj (.text:DCO_Set_Freq)
                  0000c430    0000002e     Flash.obj (.text:Flash_Erase)
                  0000c45e    0000002c     rts430.lib : lsl16.obj (.text)
                  0000c48a    00000026                : boot.obj (.text:_c_int00_noexit)
                  0000c4b0    00000012     main.obj (.text:Calibrate_Start)
                  0000c4c2    00000012     rts430.lib : memcpy.obj (.text:memcpy)
                  0000c4d4    00000010                : epilog.obj (.text)
                  0000c4e4    0000000c     main.obj (.text:Calibrate_Finish)
                  0000c4f0    00000008     main.obj (.text:watchdog_timer)
                  0000c4f8    00000004     rts430.lib : pre_init.obj (.text:_system_pre_init)
                  0000c4fc    00000004                : exit.obj (.text:abort)
                  0000c500    00000002                : _lock.obj (.text:_nop)

.cinit     0    0000c502    0000002c     
                  0000c502    0000001e     main.obj (.cinit)
                  0000c520    0000000c     Flash.obj (.cinit)
                  0000c52c    00000002     --HOLE-- [fill = 0]

.const     0    0000c52e    00000020     
                  0000c52e    00000020     main.obj (.const:Calibrate_Frequence)

.int10     0    0000fff4    00000002     
                  0000fff4    00000002     main.obj (.int10)

.reset     0    0000fffe    00000002     
                  0000fffe    00000002     rts430.lib : boot.obj (.reset)


GLOBAL SYMBOLS: SORTED ALPHABETICALLY BY Name 

address    name
--------   ----
00000200   .bss
0000c000   .text
0000004a   ADC10AE0
000001b0   ADC10CTL0
000001b2   ADC10CTL1
00000048   ADC10DTC0
00000049   ADC10DTC1
000001b4   ADC10MEM
000001bc   ADC10SA
00000057   BCSCTL1
00000058   BCSCTL2
00000053   BCSCTL3
0000c4fc   C$$EXIT
00000059   CACTL1
0000005a   CACTL2
000010fb   CALBC1_12MHZ
000010f9   CALBC1_16MHZ
000010ff   CALBC1_1MHZ
000010fd   CALBC1_8MHZ
000010fa   CALDCO_12MHZ
000010f8   CALDCO_16MHZ
000010fe   CALDCO_1MHZ
000010fc   CALDCO_8MHZ
0000005b   CAPD
0000c272   Calculate_InfoFlash_Data
0000c4e4   Calibrate_Finish
0000c52e   Calibrate_Frequence
0000c4b0   Calibrate_Start
00000056   DCOCTL
0000c3c4   DCOTest
0000c400   DCO_Set_Freq
00000128   FCTL1
0000012a   FCTL2
0000012c   FCTL3
0000c182   Find_RSELx_DCOx_Winer
0000c1d4   Flash_Direct_WriteWord
0000c430   Flash_Erase
0000c09a   Flash_Init
00000000   IE1
00000001   IE2
00000002   IFG1
00000003   IFG2
0000c45e   I_LSL
0000c486   I_LSL_1
0000c474   I_LSL_10
0000c472   I_LSL_11
0000c470   I_LSL_12
0000c46e   I_LSL_13
0000c46c   I_LSL_14
0000c46a   I_LSL_15
0000c484   I_LSL_2
0000c482   I_LSL_3
0000c480   I_LSL_4
0000c47e   I_LSL_5
0000c47c   I_LSL_6
0000c47a   I_LSL_7
0000c478   I_LSL_8
0000c476   I_LSL_9
00000320   InfoFlash_Data
0000c3be   L_LSL_1
0000c39a   L_LSL_10
0000c396   L_LSL_11
0000c392   L_LSL_12
0000c38e   L_LSL_13
0000c38a   L_LSL_14
0000c386   L_LSL_15
0000c3ba   L_LSL_2
0000c3b6   L_LSL_3
0000c3b2   L_LSL_4
0000c3ae   L_LSL_5
0000c3aa   L_LSL_6
0000c3a6   L_LSL_7
0000c3a2   L_LSL_8
0000c39e   L_LSL_9
00000310   MODx_Winer
0000c000   Measure_MODx
0000c224   Measure_Temp
00000022   P1DIR
00000025   P1IE
00000024   P1IES
00000023   P1IFG
00000020   P1IN
00000021   P1OUT
00000027   P1REN
00000026   P1SEL
00000041   P1SEL2
0000002a   P2DIR
0000002d   P2IE
0000002c   P2IES
0000002b   P2IFG
00000028   P2IN
00000029   P2OUT
0000002f   P2REN
0000002e   P2SEL
00000042   P2SEL2
0000001a   P3DIR
00000018   P3IN
00000019   P3OUT
00000010   P3REN
0000001b   P3SEL
00000043   P3SEL2
00000300   RSELx_DCOx_Winer
00000360   SegAddr
00000362   SegPre
00000172   TA0CCR0
00000174   TA0CCR1
00000176   TA0CCR2
00000162   TA0CCTL0
00000164   TA0CCTL1
00000166   TA0CCTL2
00000160   TA0CTL
0000012e   TA0IV
00000170   TA0R
00000192   TA1CCR0
00000194   TA1CCR1
00000196   TA1CCR2
00000182   TA1CCTL0
00000184   TA1CCTL1
00000186   TA1CCTL2
00000180   TA1CTL
0000011e   TA1IV
00000190   TA1R
00000200   Temp
00000340   Ture_Freq
0000005d   UCA0ABCTL
00000062   UCA0BR0
00000063   UCA0BR1
00000060   UCA0CTL0
00000061   UCA0CTL1
0000005f   UCA0IRRCTL
0000005e   UCA0IRTCTL
00000064   UCA0MCTL
00000066   UCA0RXBUF
00000065   UCA0STAT
00000067   UCA0TXBUF
0000006a   UCB0BR0
0000006b   UCB0BR1
00000068   UCB0CTL0
00000069   UCB0CTL1
0000006c   UCB0I2CIE
00000118   UCB0I2COA
0000011a   UCB0I2CSA
0000006e   UCB0RXBUF
0000006d   UCB0STAT
0000006f   UCB0TXBUF
00000120   WDTCTL
0000c304   Write_InfoFlashB
00000400   __STACK_END
00000050   __STACK_SIZE
00000001   __TI_args_main
00000001   __TI_auto_init
00000001   __TI_exit
ffffffff   __binit__
00000200   __bss__
ffffffff   __c_args__
0000c502   __cinit__
0000c12a   __divul
0000036c   __end__
0000c502   __etext__
ffffffff   __pinit__
0000c12a   __remul
0000c000   __text__
0000c2be   _auto_init
0000c48a   _c_int00
0000c48a   _c_int00_noexit
00000368   _cleanup_ptr
0000036a   _dtors_ptr
00000364   _lock
0000c500   _nop
0000fffe   _reset_vector
000003b0   _stack
0000c4f8   _system_pre_init
00000366   _unlock
0000c4fc   abort
ffffffff   binit
0000c502   cinit
0000036c   end
0000c502   etext
0000c4e0   func_epilog_1
0000c4de   func_epilog_2
0000c4dc   func_epilog_3
0000c4da   func_epilog_4
0000c4d8   func_epilog_5
0000c4d6   func_epilog_6
0000c4d4   func_epilog_7
0000c346   main
0000c4c2   memcpy
ffffffff   pinit
0000c4f0   watchdog_timer


GLOBAL SYMBOLS: SORTED BY Symbol Address 

address    name
--------   ----
00000000   IE1
00000001   IE2
00000001   __TI_args_main
00000001   __TI_auto_init
00000001   __TI_exit
00000002   IFG1
00000003   IFG2
00000010   P3REN
00000018   P3IN
00000019   P3OUT
0000001a   P3DIR
0000001b   P3SEL
00000020   P1IN
00000021   P1OUT
00000022   P1DIR
00000023   P1IFG
00000024   P1IES
00000025   P1IE
00000026   P1SEL
00000027   P1REN
00000028   P2IN
00000029   P2OUT
0000002a   P2DIR
0000002b   P2IFG
0000002c   P2IES
0000002d   P2IE
0000002e   P2SEL
0000002f   P2REN
00000041   P1SEL2
00000042   P2SEL2
00000043   P3SEL2
00000048   ADC10DTC0
00000049   ADC10DTC1
0000004a   ADC10AE0
00000050   __STACK_SIZE
00000053   BCSCTL3
00000056   DCOCTL
00000057   BCSCTL1
00000058   BCSCTL2
00000059   CACTL1
0000005a   CACTL2
0000005b   CAPD
0000005d   UCA0ABCTL
0000005e   UCA0IRTCTL
0000005f   UCA0IRRCTL
00000060   UCA0CTL0
00000061   UCA0CTL1
00000062   UCA0BR0
00000063   UCA0BR1
00000064   UCA0MCTL
00000065   UCA0STAT
00000066   UCA0RXBUF
00000067   UCA0TXBUF
00000068   UCB0CTL0
00000069   UCB0CTL1
0000006a   UCB0BR0
0000006b   UCB0BR1
0000006c   UCB0I2CIE
0000006d   UCB0STAT
0000006e   UCB0RXBUF
0000006f   UCB0TXBUF
00000118   UCB0I2COA
0000011a   UCB0I2CSA
0000011e   TA1IV
00000120   WDTCTL
00000128   FCTL1
0000012a   FCTL2
0000012c   FCTL3
0000012e   TA0IV
00000160   TA0CTL
00000162   TA0CCTL0
00000164   TA0CCTL1
00000166   TA0CCTL2
00000170   TA0R
00000172   TA0CCR0
00000174   TA0CCR1
00000176   TA0CCR2
00000180   TA1CTL
00000182   TA1CCTL0
00000184   TA1CCTL1
00000186   TA1CCTL2
00000190   TA1R
00000192   TA1CCR0
00000194   TA1CCR1
00000196   TA1CCR2
000001b0   ADC10CTL0
000001b2   ADC10CTL1
000001b4   ADC10MEM
000001bc   ADC10SA
00000200   .bss
00000200   Temp
00000200   __bss__
00000300   RSELx_DCOx_Winer
00000310   MODx_Winer
00000320   InfoFlash_Data
00000340   Ture_Freq
00000360   SegAddr
00000362   SegPre
00000364   _lock
00000366   _unlock
00000368   _cleanup_ptr
0000036a   _dtors_ptr
0000036c   __end__
0000036c   end
000003b0   _stack
00000400   __STACK_END
000010f8   CALDCO_16MHZ
000010f9   CALBC1_16MHZ
000010fa   CALDCO_12MHZ
000010fb   CALBC1_12MHZ
000010fc   CALDCO_8MHZ
000010fd   CALBC1_8MHZ
000010fe   CALDCO_1MHZ
000010ff   CALBC1_1MHZ
0000c000   .text
0000c000   Measure_MODx
0000c000   __text__
0000c09a   Flash_Init
0000c12a   __divul
0000c12a   __remul
0000c182   Find_RSELx_DCOx_Winer
0000c1d4   Flash_Direct_WriteWord
0000c224   Measure_Temp
0000c272   Calculate_InfoFlash_Data
0000c2be   _auto_init
0000c304   Write_InfoFlashB
0000c346   main
0000c386   L_LSL_15
0000c38a   L_LSL_14
0000c38e   L_LSL_13
0000c392   L_LSL_12
0000c396   L_LSL_11
0000c39a   L_LSL_10
0000c39e   L_LSL_9
0000c3a2   L_LSL_8
0000c3a6   L_LSL_7
0000c3aa   L_LSL_6
0000c3ae   L_LSL_5
0000c3b2   L_LSL_4
0000c3b6   L_LSL_3
0000c3ba   L_LSL_2
0000c3be   L_LSL_1
0000c3c4   DCOTest
0000c400   DCO_Set_Freq
0000c430   Flash_Erase
0000c45e   I_LSL
0000c46a   I_LSL_15
0000c46c   I_LSL_14
0000c46e   I_LSL_13
0000c470   I_LSL_12
0000c472   I_LSL_11
0000c474   I_LSL_10
0000c476   I_LSL_9
0000c478   I_LSL_8
0000c47a   I_LSL_7
0000c47c   I_LSL_6
0000c47e   I_LSL_5
0000c480   I_LSL_4
0000c482   I_LSL_3
0000c484   I_LSL_2
0000c486   I_LSL_1
0000c48a   _c_int00
0000c48a   _c_int00_noexit
0000c4b0   Calibrate_Start
0000c4c2   memcpy
0000c4d4   func_epilog_7
0000c4d6   func_epilog_6
0000c4d8   func_epilog_5
0000c4da   func_epilog_4
0000c4dc   func_epilog_3
0000c4de   func_epilog_2
0000c4e0   func_epilog_1
0000c4e4   Calibrate_Finish
0000c4f0   watchdog_timer
0000c4f8   _system_pre_init
0000c4fc   C$$EXIT
0000c4fc   abort
0000c500   _nop
0000c502   __cinit__
0000c502   __etext__
0000c502   cinit
0000c502   etext
0000c52e   Calibrate_Frequence
0000fffe   _reset_vector
ffffffff   __binit__
ffffffff   __c_args__
ffffffff   __pinit__
ffffffff   binit
ffffffff   pinit

[189 symbols]
