******************************************************************************
                  MSP430 Linker PC v4.0.0                      
******************************************************************************
>> Linked Tue Apr 23 20:47:58 2013

OUTPUT FILE NAME:   <Sin_Gen_and_Sample.out>
ENTRY POINT SYMBOL: "_c_int00"  address: 0000c2ec


MEMORY CONFIGURATION

         name            origin    length      used     unused   attr    fill
----------------------  --------  ---------  --------  --------  ----  --------
  SFR                   00000000   00000010  00000000  00000010  RWIX
  PERIPHERALS_8BIT      00000010   000000f0  00000000  000000f0  RWIX
  PERIPHERALS_16BIT     00000100   00000100  00000000  00000100  RWIX
  RAM                   00000200   00000200  000000da  00000126  RWIX
  INFOD                 00001000   00000040  00000000  00000040  RWIX
  INFOC                 00001040   00000040  00000000  00000040  RWIX
  INFOB                 00001080   00000040  00000000  00000040  RWIX
  INFOA                 000010c0   00000040  00000000  00000040  RWIX
  FLASH                 0000c000   00003fe0  000003f4  00003bec  RWIX
  INT00                 0000ffe0   00000002  00000000  00000002  RWIX
  INT01                 0000ffe2   00000002  00000000  00000002  RWIX
  INT02                 0000ffe4   00000002  00000000  00000002  RWIX
  INT03                 0000ffe6   00000002  00000000  00000002  RWIX
  INT04                 0000ffe8   00000002  00000000  00000002  RWIX
  INT05                 0000ffea   00000002  00000000  00000002  RWIX
  INT06                 0000ffec   00000002  00000000  00000002  RWIX
  INT07                 0000ffee   00000002  00000000  00000002  RWIX
  INT08                 0000fff0   00000002  00000000  00000002  RWIX
  INT09                 0000fff2   00000002  00000002  00000000  RWIX
  INT10                 0000fff4   00000002  00000000  00000002  RWIX
  INT11                 0000fff6   00000002  00000000  00000002  RWIX
  INT12                 0000fff8   00000002  00000000  00000002  RWIX
  INT13                 0000fffa   00000002  00000000  00000002  RWIX
  INT14                 0000fffc   00000002  00000000  00000002  RWIX
  RESET                 0000fffe   00000002  00000002  00000000  RWIX


SECTION ALLOCATION MAP

 output                                  attributes/
section   page    origin      length       input sections
--------  ----  ----------  ----------   ----------------
.pinit     0    0000c000    00000000     UNINITIALIZED

.bss       0    00000200    0000008a     UNINITIALIZED
                  00000200    00000082     main.obj (.bss)
                  00000282    00000004     rts430.lib : _lock.obj (.bss)
                  00000286    00000004                : boot.obj (.bss)

.stack     0    000003b0    00000050     UNINITIALIZED
                  000003b0    00000002     rts430.lib : boot.obj (.stack)
                  000003b2    0000004e     --HOLE--

.text      0    0000c000    000003c6     
                  0000c000    00000186     TA_PWM.obj (.text:TA1_PWM_Init)
                  0000c186    00000058     rts430.lib : div32u.obj (.text)
                  0000c1de    0000004c                : lsr16.obj (.text)
                  0000c22a    0000004a     main.obj (.text:main)
                  0000c274    00000046     rts430.lib : autoinit.obj (.text:_auto_init)
                  0000c2ba    00000032     main.obj (.text:ADC10_WaveSample)
                  0000c2ec    00000026     rts430.lib : boot.obj (.text:_c_int00_noexit)
                  0000c312    00000026                : mult32.obj (.text)
                  0000c338    00000024     main.obj (.text:Change_Duty)
                  0000c35c    00000020     main.obj (.text:Timer0_A0)
                  0000c37c    00000016     main.obj (.text:Timer0_A_Init)
                  0000c392    00000012     rts430.lib : memcpy.obj (.text:memcpy)
                  0000c3a4    00000010                : epilog.obj (.text)
                  0000c3b4    00000008     TA_PWM.obj (.text:TA1_PWM_SetPeriod)
                  0000c3bc    00000004     rts430.lib : pre_init.obj (.text:_system_pre_init)
                  0000c3c0    00000004                : exit.obj (.text:abort)
                  0000c3c4    00000002                : _lock.obj (.text:_nop)

.const     0    0000c3c6    00000020     
                  0000c3c6    00000020     main.obj (.const:sin_table)

.cinit     0    0000c3e6    0000000e     
                  0000c3e6    0000000c     main.obj (.cinit)
                  0000c3f2    00000002     --HOLE-- [fill = 0]

.int09     0    0000fff2    00000002     
                  0000fff2    00000002     main.obj (.int09)

.reset     0    0000fffe    00000002     
                  0000fffe    00000002     rts430.lib : boot.obj (.reset)


GLOBAL SYMBOLS: SORTED ALPHABETICALLY BY Name 

address    name
--------   ----
00000200   .bss
0000c000   .text
0000004a   ADC10AE0
000001b0   ADC10CTL0
000001b2   ADC10CTL1
00000048   ADC10DTC0
00000049   ADC10DTC1
000001b4   ADC10MEM
000001bc   ADC10SA
0000c2ba   ADC10_WaveSample
00000057   BCSCTL1
00000058   BCSCTL2
00000053   BCSCTL3
0000c3c0   C$$EXIT
00000059   CACTL1
0000005a   CACTL2
000010fb   CALBC1_12MHZ
000010f9   CALBC1_16MHZ
000010ff   CALBC1_1MHZ
000010fd   CALBC1_8MHZ
000010fa   CALDCO_12MHZ
000010f8   CALDCO_16MHZ
000010fe   CALDCO_1MHZ
000010fc   CALDCO_8MHZ
0000005b   CAPD
0000c338   Change_Duty
00000056   DCOCTL
00000128   FCTL1
0000012a   FCTL2
0000012c   FCTL3
00000000   IE1
00000001   IE2
00000002   IFG1
00000003   IFG2
0000c1de   I_LSR
0000c224   I_LSR_1
0000c200   I_LSR_10
0000c1fc   I_LSR_11
0000c1f8   I_LSR_12
0000c1f4   I_LSR_13
0000c1f0   I_LSR_14
0000c1ec   I_LSR_15
0000c220   I_LSR_2
0000c21c   I_LSR_3
0000c218   I_LSR_4
0000c214   I_LSR_5
0000c210   I_LSR_6
0000c20c   I_LSR_7
0000c208   I_LSR_8
0000c204   I_LSR_9
00000022   P1DIR
00000025   P1IE
00000024   P1IES
00000023   P1IFG
00000020   P1IN
00000021   P1OUT
00000027   P1REN
00000026   P1SEL
00000041   P1SEL2
0000002a   P2DIR
0000002d   P2IE
0000002c   P2IES
0000002b   P2IFG
00000028   P2IN
00000029   P2OUT
0000002f   P2REN
0000002e   P2SEL
00000042   P2SEL2
0000001a   P3DIR
00000018   P3IN
00000019   P3OUT
00000010   P3REN
0000001b   P3SEL
00000043   P3SEL2
00000172   TA0CCR0
00000174   TA0CCR1
00000176   TA0CCR2
00000162   TA0CCTL0
00000164   TA0CCTL1
00000166   TA0CCTL2
00000160   TA0CTL
0000012e   TA0IV
00000170   TA0R
00000192   TA1CCR0
00000194   TA1CCR1
00000196   TA1CCR2
00000182   TA1CCTL0
00000184   TA1CCTL1
00000186   TA1CCTL2
00000180   TA1CTL
0000011e   TA1IV
00000190   TA1R
0000c000   TA1_PWM_Init
0000c3b4   TA1_PWM_SetPeriod
0000c35c   Timer0_A0
0000c37c   Timer0_A_Init
0000005d   UCA0ABCTL
00000062   UCA0BR0
00000063   UCA0BR1
00000060   UCA0CTL0
00000061   UCA0CTL1
0000005f   UCA0IRRCTL
0000005e   UCA0IRTCTL
00000064   UCA0MCTL
00000066   UCA0RXBUF
00000065   UCA0STAT
00000067   UCA0TXBUF
0000006a   UCB0BR0
0000006b   UCB0BR1
00000068   UCB0CTL0
00000069   UCB0CTL1
0000006c   UCB0I2CIE
00000118   UCB0I2COA
0000011a   UCB0I2CSA
0000006e   UCB0RXBUF
0000006d   UCB0STAT
0000006f   UCB0TXBUF
00000120   WDTCTL
00000400   __STACK_END
00000050   __STACK_SIZE
00000001   __TI_args_main
00000001   __TI_auto_init
00000001   __TI_exit
ffffffff   __binit__
00000200   __bss__
ffffffff   __c_args__
0000c3e6   __cinit__
0000c186   __divul
0000028a   __end__
0000c3c6   __etext__
0000c312   __mpyl
ffffffff   __pinit__
0000c186   __remul
0000c000   __text__
0000c274   _auto_init
0000c2ec   _c_int00
0000c2ec   _c_int00_noexit
00000286   _cleanup_ptr
00000288   _dtors_ptr
00000282   _lock
0000c3c4   _nop
0000fffe   _reset_vector
000003b0   _stack
0000c3bc   _system_pre_init
00000284   _unlock
0000c3c0   abort
ffffffff   binit
0000c3e6   cinit
0000028a   end
0000c3c6   etext
0000c3b0   func_epilog_1
0000c3ae   func_epilog_2
0000c3ac   func_epilog_3
0000c3aa   func_epilog_4
0000c3a8   func_epilog_5
0000c3a6   func_epilog_6
0000c3a4   func_epilog_7
0000c22a   main
0000c392   memcpy
ffffffff   pinit
0000c3c6   sin_table
00000200   table_Valu


GLOBAL SYMBOLS: SORTED BY Symbol Address 

address    name
--------   ----
00000000   IE1
00000001   IE2
00000001   __TI_args_main
00000001   __TI_auto_init
00000001   __TI_exit
00000002   IFG1
00000003   IFG2
00000010   P3REN
00000018   P3IN
00000019   P3OUT
0000001a   P3DIR
0000001b   P3SEL
00000020   P1IN
00000021   P1OUT
00000022   P1DIR
00000023   P1IFG
00000024   P1IES
00000025   P1IE
00000026   P1SEL
00000027   P1REN
00000028   P2IN
00000029   P2OUT
0000002a   P2DIR
0000002b   P2IFG
0000002c   P2IES
0000002d   P2IE
0000002e   P2SEL
0000002f   P2REN
00000041   P1SEL2
00000042   P2SEL2
00000043   P3SEL2
00000048   ADC10DTC0
00000049   ADC10DTC1
0000004a   ADC10AE0
00000050   __STACK_SIZE
00000053   BCSCTL3
00000056   DCOCTL
00000057   BCSCTL1
00000058   BCSCTL2
00000059   CACTL1
0000005a   CACTL2
0000005b   CAPD
0000005d   UCA0ABCTL
0000005e   UCA0IRTCTL
0000005f   UCA0IRRCTL
00000060   UCA0CTL0
00000061   UCA0CTL1
00000062   UCA0BR0
00000063   UCA0BR1
00000064   UCA0MCTL
00000065   UCA0STAT
00000066   UCA0RXBUF
00000067   UCA0TXBUF
00000068   UCB0CTL0
00000069   UCB0CTL1
0000006a   UCB0BR0
0000006b   UCB0BR1
0000006c   UCB0I2CIE
0000006d   UCB0STAT
0000006e   UCB0RXBUF
0000006f   UCB0TXBUF
00000118   UCB0I2COA
0000011a   UCB0I2CSA
0000011e   TA1IV
00000120   WDTCTL
00000128   FCTL1
0000012a   FCTL2
0000012c   FCTL3
0000012e   TA0IV
00000160   TA0CTL
00000162   TA0CCTL0
00000164   TA0CCTL1
00000166   TA0CCTL2
00000170   TA0R
00000172   TA0CCR0
00000174   TA0CCR1
00000176   TA0CCR2
00000180   TA1CTL
00000182   TA1CCTL0
00000184   TA1CCTL1
00000186   TA1CCTL2
00000190   TA1R
00000192   TA1CCR0
00000194   TA1CCR1
00000196   TA1CCR2
000001b0   ADC10CTL0
000001b2   ADC10CTL1
000001b4   ADC10MEM
000001bc   ADC10SA
00000200   .bss
00000200   __bss__
00000200   table_Valu
00000282   _lock
00000284   _unlock
00000286   _cleanup_ptr
00000288   _dtors_ptr
0000028a   __end__
0000028a   end
000003b0   _stack
00000400   __STACK_END
000010f8   CALDCO_16MHZ
000010f9   CALBC1_16MHZ
000010fa   CALDCO_12MHZ
000010fb   CALBC1_12MHZ
000010fc   CALDCO_8MHZ
000010fd   CALBC1_8MHZ
000010fe   CALDCO_1MHZ
000010ff   CALBC1_1MHZ
0000c000   .text
0000c000   TA1_PWM_Init
0000c000   __text__
0000c186   __divul
0000c186   __remul
0000c1de   I_LSR
0000c1ec   I_LSR_15
0000c1f0   I_LSR_14
0000c1f4   I_LSR_13
0000c1f8   I_LSR_12
0000c1fc   I_LSR_11
0000c200   I_LSR_10
0000c204   I_LSR_9
0000c208   I_LSR_8
0000c20c   I_LSR_7
0000c210   I_LSR_6
0000c214   I_LSR_5
0000c218   I_LSR_4
0000c21c   I_LSR_3
0000c220   I_LSR_2
0000c224   I_LSR_1
0000c22a   main
0000c274   _auto_init
0000c2ba   ADC10_WaveSample
0000c2ec   _c_int00
0000c2ec   _c_int00_noexit
0000c312   __mpyl
0000c338   Change_Duty
0000c35c   Timer0_A0
0000c37c   Timer0_A_Init
0000c392   memcpy
0000c3a4   func_epilog_7
0000c3a6   func_epilog_6
0000c3a8   func_epilog_5
0000c3aa   func_epilog_4
0000c3ac   func_epilog_3
0000c3ae   func_epilog_2
0000c3b0   func_epilog_1
0000c3b4   TA1_PWM_SetPeriod
0000c3bc   _system_pre_init
0000c3c0   C$$EXIT
0000c3c0   abort
0000c3c4   _nop
0000c3c6   __etext__
0000c3c6   etext
0000c3c6   sin_table
0000c3e6   __cinit__
0000c3e6   cinit
0000fffe   _reset_vector
ffffffff   __binit__
ffffffff   __c_args__
ffffffff   __pinit__
ffffffff   binit
ffffffff   pinit

[162 symbols]
