******************************************************************************
                  MSP430 Linker PC v15.12.1                    
******************************************************************************
>> Linked Wed Jan 18 22:23:06 2017

OUTPUT FILE NAME:   <ADC_GetPeak2Peak.out>
ENTRY POINT SYMBOL: "_c_int00_noargs_noexit"  address: 0000d1d8


MEMORY CONFIGURATION

         name            origin    length      used     unused   attr    fill
----------------------  --------  ---------  --------  --------  ----  --------
  SFR                   00000000   00000010  00000000  00000010  RWIX
  PERIPHERALS_8BIT      00000010   000000f0  00000000  000000f0  RWIX
  PERIPHERALS_16BIT     00000100   00000100  00000000  00000100  RWIX
  RAM                   00000200   00000200  00000182  0000007e  RWIX
  INFOD                 00001000   00000040  00000000  00000040  RWIX
  INFOC                 00001040   00000040  00000000  00000040  RWIX
  INFOB                 00001080   00000040  00000000  00000040  RWIX
  INFOA                 000010c0   00000040  00000000  00000040  RWIX
  FLASH                 0000c000   00003fde  0000128e  00002d50  RWIX
  BSLSIGNATURE          0000ffde   00000002  00000002  00000000  RWIX  ffff 
  INT00                 0000ffe0   00000002  00000002  00000000  RWIX
  INT01                 0000ffe2   00000002  00000000  00000002  RWIX
  INT02                 0000ffe4   00000002  00000002  00000000  RWIX
  INT03                 0000ffe6   00000002  00000002  00000000  RWIX
  INT04                 0000ffe8   00000002  00000000  00000002  RWIX
  INT05                 0000ffea   00000002  00000002  00000000  RWIX
  INT06                 0000ffec   00000002  00000002  00000000  RWIX
  INT07                 0000ffee   00000002  00000002  00000000  RWIX
  INT08                 0000fff0   00000002  00000002  00000000  RWIX
  INT09                 0000fff2   00000002  00000002  00000000  RWIX
  INT10                 0000fff4   00000002  00000002  00000000  RWIX
  INT11                 0000fff6   00000002  00000002  00000000  RWIX
  INT12                 0000fff8   00000002  00000002  00000000  RWIX
  INT13                 0000fffa   00000002  00000002  00000000  RWIX
  INT14                 0000fffc   00000002  00000002  00000000  RWIX
  RESET                 0000fffe   00000002  00000002  00000000  RWIX


SECTION ALLOCATION MAP

 output                                  attributes/
section   page    origin      length       input sections
--------  ----  ----------  ----------   ----------------
.data      0    00000200    00000132     UNINITIALIZED
                  00000200    00000064     main.obj (.data:adcbuff)
                  00000264    00000064     main.obj (.data:maxval)
                  000002c8    00000064     main.obj (.data:minval)
                  0000032c    00000006     main.obj (.data)

.stack     0    000003b0    00000050     UNINITIALIZED
                  000003b0    00000002     rts430_eabi.lib : boot.obj (.stack)
                  000003b2    0000004e     --HOLE--

.text      0    0000c000    0000127a     
                  0000c000    0000048e     rts430_eabi.lib : frcdivd.obj (.text:__TI_frcdivd)
                  0000c48e    000002f4                     : frcmpyd.obj (.text:__TI_frcmpyd)
                  0000c782    0000026e                     : mpyd.obj (.text:__mspabi_mpyd)
                  0000c9f0    00000238                     : divd.obj (.text:__mspabi_divd)
                  0000cc28    000000fc     main.obj (.text:main)
                  0000cd24    0000008c     rts430_eabi.lib : cvtdf.obj (.text:__mspabi_cvtdf)
                  0000cdb0    00000072                     : cvtfd.obj (.text:__mspabi_cvtfd)
                  0000ce22    0000006e                     : autoinit.obj (.text:_auto_init)
                  0000ce90    00000064                     : copy_decompress_rle.obj (.text:__TI_decompress_rle_core)
                  0000cef4    0000005c                     : lsr32.obj (.text:l_lsr_const)
                  0000cf50    0000005a                     : cpy_tbl.obj (.text:copy_in)
                  0000cfaa    0000004c     main.obj (.text:InitADC)
                  0000cff6    0000004c     rts430_eabi.lib : lsr16.obj (.text)
                  0000d042    0000003e                     : asr32.obj (.text:l_asr_const)
                  0000d080    0000003e                     : lsl32.obj (.text:l_lsl_const)
                  0000d0be    0000002e     main.obj (.text:InitUART)
                  0000d0ec    0000002c     rts430_eabi.lib : asr16.obj (.text)
                  0000d118    0000002c                     : lsl16.obj (.text)
                  0000d144    00000026     main.obj (.text:Min)
                  0000d16a    00000026     rts430_eabi.lib : mult32.obj (.text)
                  0000d190    00000024     main.obj (.text:Max)
                  0000d1b4    00000024     rts430_eabi.lib : fs_utof.obj (.text)
                  0000d1d8    0000001a                     : boot_special.obj (.text:_c_int00_noargs_noexit)
                  0000d1f2    00000018     main.obj (.text:InitSystemClock)
                  0000d20a    00000014     rts430_eabi.lib : mult16.obj (.text)
                  0000d21e    00000012                     : copy_decompress_none.obj (.text:decompress:none:__TI_decompress_none)
                  0000d230    00000012                     : memcpy.obj (.text:memcpy)
                  0000d242    00000010                     : epilog.obj (.text)
                  0000d252    0000000e     main.obj (.text:StartADCConvert)
                  0000d260    00000008     rts430_eabi.lib : isr_trap.obj (.text:_isr:__TI_ISR_TRAP)
                  0000d268    00000006                     : exit.obj (.text:abort)
                  0000d26e    00000006                     : copy_decompress_rle.obj (.text:decompress:rle24:__TI_decompress_rle24)
                  0000d274    00000004                     : pre_init.obj (.text:_system_pre_init)
                  0000d278    00000002                     : startup.obj (.text:_system_post_cinit)

.cinit     0    0000d27a    00000014     
                  0000d27a    0000000b     (.cinit..data.load) [load image, compression = rle]
                  0000d285    00000001     --HOLE-- [fill = 0]
                  0000d286    00000004     (__TI_handler_table)
                  0000d28a    00000004     (__TI_cinit_table)

.binit     0    0000c000    00000000     

.init_array 
*          0    0000c000    00000000     UNINITIALIZED

TRAPINT    0    0000ffe0    00000002     
                  0000ffe0    00000002     rts430_eabi.lib : int00.obj (.int00)

$fill000   0    0000ffde    00000002     
                  0000ffde    00000002     --HOLE-- [fill = ffff]

PORT1      0    0000ffe4    00000002     
                  0000ffe4    00000002     rts430_eabi.lib : int02.obj (.int02)

PORT2      0    0000ffe6    00000002     
                  0000ffe6    00000002     rts430_eabi.lib : int03.obj (.int03)

ADC10      0    0000ffea    00000002     
                  0000ffea    00000002     rts430_eabi.lib : int05.obj (.int05)

USCIAB0TX 
*          0    0000ffec    00000002     
                  0000ffec    00000002     rts430_eabi.lib : int06.obj (.int06)

USCIAB0RX 
*          0    0000ffee    00000002     
                  0000ffee    00000002     rts430_eabi.lib : int07.obj (.int07)

TIMER0_A1 
*          0    0000fff0    00000002     
                  0000fff0    00000002     rts430_eabi.lib : int08.obj (.int08)

TIMER0_A0 
*          0    0000fff2    00000002     
                  0000fff2    00000002     rts430_eabi.lib : int09.obj (.int09)

WDT        0    0000fff4    00000002     
                  0000fff4    00000002     rts430_eabi.lib : int10.obj (.int10)

COMPARATORA 
*          0    0000fff6    00000002     
                  0000fff6    00000002     rts430_eabi.lib : int11.obj (.int11)

TIMER1_A1 
*          0    0000fff8    00000002     
                  0000fff8    00000002     rts430_eabi.lib : int12.obj (.int12)

TIMER1_A0 
*          0    0000fffa    00000002     
                  0000fffa    00000002     rts430_eabi.lib : int13.obj (.int13)

NMI        0    0000fffc    00000002     
                  0000fffc    00000002     rts430_eabi.lib : int14.obj (.int14)

.reset     0    0000fffe    00000002     
                  0000fffe    00000002     rts430_eabi.lib : boot.obj (.reset)

MODULE SUMMARY

       Module                     code   ro data   rw data
       ------                     ----   -------   -------
    .\
       main.obj                   486    0         306    
    +--+--------------------------+------+---------+---------+
       Total:                     486    0         306    
                                                          
    C:\ti\ccsv6\tools\compiler\ti-cgt-msp430_15.12.1.LTS\lib\rts430_eabi.lib
       frcdivd.obj                1166   0         0      
       frcmpyd.obj                756    0         0      
       mpyd.obj                   622    0         0      
       divd.obj                   568    0         0      
       cvtdf.obj                  140    0         0      
       cvtfd.obj                  114    0         0      
       autoinit.obj               110    0         0      
       copy_decompress_rle.obj    106    0         0      
       lsr32.obj                  92     0         0      
       cpy_tbl.obj                90     0         0      
       lsr16.obj                  76     0         0      
       asr32.obj                  62     0         0      
       lsl32.obj                  62     0         0      
       asr16.obj                  44     0         0      
       lsl16.obj                  44     0         0      
       mult32.obj                 38     0         0      
       fs_utof.obj                36     0         0      
       boot_special.obj           26     0         0      
       mult16.obj                 20     0         0      
       copy_decompress_none.obj   18     0         0      
       memcpy.obj                 18     0         0      
       epilog.obj                 16     0         0      
       isr_trap.obj               8      0         0      
       exit.obj                   6      0         0      
       pre_init.obj               4      0         0      
       boot.obj                   0      2         0      
       int00.obj                  0      2         0      
       int02.obj                  0      2         0      
       int03.obj                  0      2         0      
       int05.obj                  0      2         0      
       int06.obj                  0      2         0      
       int07.obj                  0      2         0      
       int08.obj                  0      2         0      
       int09.obj                  0      2         0      
       int10.obj                  0      2         0      
       int11.obj                  0      2         0      
       int12.obj                  0      2         0      
       int13.obj                  0      2         0      
       int14.obj                  0      2         0      
       startup.obj                2      0         0      
    +--+--------------------------+------+---------+---------+
       Total:                     4244   28        0      
                                                          
       Stack:                     0      0         80     
       Linker Generated:          0      19        0      
    +--+--------------------------+------+---------+---------+
       Grand Total:               4730   47        386    


LINKER GENERATED COPY TABLES

__TI_cinit_table @ 0000d28a records: 1, size/record: 4, table size: 4
	.data: load addr=0000d27a, load size=0000000b bytes, run addr=00000200, run size=00000132 bytes, compression=rle


LINKER GENERATED HANDLER TABLE

__TI_handler_table @ 0000d286 records: 2, size/record: 2, table size: 4
	index: 0, handler: __TI_decompress_rle24
	index: 1, handler: __TI_decompress_none


GLOBAL SYMBOLS: SORTED ALPHABETICALLY BY Name 

address   name                    
-------   ----                    
0000004a  ADC10AE0                
000001b0  ADC10CTL0               
000001b2  ADC10CTL1               
00000048  ADC10DTC0               
00000049  ADC10DTC1               
000001b4  ADC10MEM                
000001bc  ADC10SA                 
00000057  BCSCTL1                 
00000058  BCSCTL2                 
00000053  BCSCTL3                 
0000d268  C$$EXIT                 
00000059  CACTL1                  
0000005a  CACTL2                  
000010fb  CALBC1_12MHZ            
000010f9  CALBC1_16MHZ            
000010ff  CALBC1_1MHZ             
000010fd  CALBC1_8MHZ             
000010fa  CALDCO_12MHZ            
000010f8  CALDCO_16MHZ            
000010fe  CALDCO_1MHZ             
000010fc  CALDCO_8MHZ             
0000005b  CAPD                    
00000056  DCOCTL                  
00000128  FCTL1                   
0000012a  FCTL2                   
0000012c  FCTL3                   
00000000  IE1                     
00000001  IE2                     
00000002  IFG1                    
00000003  IFG2                    
0000cfaa  InitADC                 
0000d1f2  InitSystemClock         
0000d0be  InitUART                
0000d190  Max                     
0000d144  Min                     
00000022  P1DIR                   
00000025  P1IE                    
00000024  P1IES                   
00000023  P1IFG                   
00000020  P1IN                    
00000021  P1OUT                   
00000027  P1REN                   
00000026  P1SEL                   
00000041  P1SEL2                  
0000002a  P2DIR                   
0000002d  P2IE                    
0000002c  P2IES                   
0000002b  P2IFG                   
00000028  P2IN                    
00000029  P2OUT                   
0000002f  P2REN                   
0000002e  P2SEL                   
00000042  P2SEL2                  
0000001a  P3DIR                   
00000018  P3IN                    
00000019  P3OUT                   
00000010  P3REN                   
0000001b  P3SEL                   
00000043  P3SEL2                  
0000d252  StartADCConvert         
00000172  TA0CCR0                 
00000174  TA0CCR1                 
00000176  TA0CCR2                 
00000162  TA0CCTL0                
00000164  TA0CCTL1                
00000166  TA0CCTL2                
00000160  TA0CTL                  
0000012e  TA0IV                   
00000170  TA0R                    
00000192  TA1CCR0                 
00000194  TA1CCR1                 
00000196  TA1CCR2                 
00000182  TA1CCTL0                
00000184  TA1CCTL1                
00000186  TA1CCTL2                
00000180  TA1CTL                  
0000011e  TA1IV                   
00000190  TA1R                    
000010db  TLV_ADC10_1_LEN         
000010da  TLV_ADC10_1_TAG         
000010c0  TLV_CHECKSUM            
000010f7  TLV_DCO_30_LEN          
000010f6  TLV_DCO_30_TAG          
0000005d  UCA0ABCTL               
00000062  UCA0BR0                 
00000063  UCA0BR1                 
00000060  UCA0CTL0                
00000061  UCA0CTL1                
0000005f  UCA0IRRCTL              
0000005e  UCA0IRTCTL              
00000064  UCA0MCTL                
00000066  UCA0RXBUF               
00000065  UCA0STAT                
00000067  UCA0TXBUF               
0000006a  UCB0BR0                 
0000006b  UCB0BR1                 
00000068  UCB0CTL0                
00000069  UCB0CTL1                
0000006c  UCB0I2CIE               
00000118  UCB0I2COA               
0000011a  UCB0I2CSA               
0000006e  UCB0RXBUF               
0000006d  UCB0STAT                
0000006f  UCB0TXBUF               
00000120  WDTCTL                  
00000400  __STACK_END             
00000050  __STACK_SIZE            
UNDEFED   __TI_BINIT_Base         
UNDEFED   __TI_BINIT_Limit        
0000d28a  __TI_CINIT_Base         
0000d28e  __TI_CINIT_Limit        
0000d286  __TI_Handler_Table_Base 
0000d28a  __TI_Handler_Table_Limit
UNDEFED   __TI_INITARRAY_Base     
UNDEFED   __TI_INITARRAY_Limit    
0000d260  __TI_ISR_TRAP           
0000d21e  __TI_decompress_none    
0000d26e  __TI_decompress_rle24   
0000c000  __TI_frcdivd            
0000c48e  __TI_frcmpyd            
0000ffe0  __TI_int00              
0000ffe4  __TI_int02              
0000ffe6  __TI_int03              
0000ffea  __TI_int05              
0000ffec  __TI_int06              
0000ffee  __TI_int07              
0000fff0  __TI_int08              
0000fff2  __TI_int09              
0000fff4  __TI_int10              
0000fff6  __TI_int11              
0000fff8  __TI_int12              
0000fffa  __TI_int13              
0000fffc  __TI_int14              
ffffffff  __TI_pprof_out_hndl     
ffffffff  __TI_prof_data_size     
ffffffff  __TI_prof_data_start    
ffffffff  __c_args__              
0000cd24  __mspabi_cvtdf          
0000cdb0  __mspabi_cvtfd          
0000c9f0  __mspabi_divd           
0000d1b4  __mspabi_fltuf          
0000d24e  __mspabi_func_epilog_1  
0000d24c  __mspabi_func_epilog_2  
0000d24a  __mspabi_func_epilog_3  
0000d248  __mspabi_func_epilog_4  
0000d246  __mspabi_func_epilog_5  
0000d244  __mspabi_func_epilog_6  
0000d242  __mspabi_func_epilog_7  
0000c782  __mspabi_mpyd           
0000d20a  __mspabi_mpyi           
0000d20a  __mspabi_mpyi_sw        
0000d16a  __mspabi_mpyl           
0000d16a  __mspabi_mpyl_sw        
0000d118  __mspabi_slli           
0000d140  __mspabi_slli_1         
0000d12e  __mspabi_slli_10        
0000d12c  __mspabi_slli_11        
0000d12a  __mspabi_slli_12        
0000d128  __mspabi_slli_13        
0000d126  __mspabi_slli_14        
0000d124  __mspabi_slli_15        
0000d13e  __mspabi_slli_2         
0000d13c  __mspabi_slli_3         
0000d13a  __mspabi_slli_4         
0000d138  __mspabi_slli_5         
0000d136  __mspabi_slli_6         
0000d134  __mspabi_slli_7         
0000d132  __mspabi_slli_8         
0000d130  __mspabi_slli_9         
0000d0b8  __mspabi_slll_1         
0000d094  __mspabi_slll_10        
0000d090  __mspabi_slll_11        
0000d08c  __mspabi_slll_12        
0000d088  __mspabi_slll_13        
0000d084  __mspabi_slll_14        
0000d080  __mspabi_slll_15        
0000d0b4  __mspabi_slll_2         
0000d0b0  __mspabi_slll_3         
0000d0ac  __mspabi_slll_4         
0000d0a8  __mspabi_slll_5         
0000d0a4  __mspabi_slll_6         
0000d0a0  __mspabi_slll_7         
0000d09c  __mspabi_slll_8         
0000d098  __mspabi_slll_9         
0000d0ec  __mspabi_srai           
0000d114  __mspabi_srai_1         
0000d102  __mspabi_srai_10        
0000d100  __mspabi_srai_11        
0000d0fe  __mspabi_srai_12        
0000d0fc  __mspabi_srai_13        
0000d0fa  __mspabi_srai_14        
0000d0f8  __mspabi_srai_15        
0000d112  __mspabi_srai_2         
0000d110  __mspabi_srai_3         
0000d10e  __mspabi_srai_4         
0000d10c  __mspabi_srai_5         
0000d10a  __mspabi_srai_6         
0000d108  __mspabi_srai_7         
0000d106  __mspabi_srai_8         
0000d104  __mspabi_srai_9         
0000d07a  __mspabi_sral_1         
0000d056  __mspabi_sral_10        
0000d052  __mspabi_sral_11        
0000d04e  __mspabi_sral_12        
0000d04a  __mspabi_sral_13        
0000d046  __mspabi_sral_14        
0000d042  __mspabi_sral_15        
0000d076  __mspabi_sral_2         
0000d072  __mspabi_sral_3         
0000d06e  __mspabi_sral_4         
0000d06a  __mspabi_sral_5         
0000d066  __mspabi_sral_6         
0000d062  __mspabi_sral_7         
0000d05e  __mspabi_sral_8         
0000d05a  __mspabi_sral_9         
0000cff6  __mspabi_srli           
0000d03c  __mspabi_srli_1         
0000d018  __mspabi_srli_10        
0000d014  __mspabi_srli_11        
0000d010  __mspabi_srli_12        
0000d00c  __mspabi_srli_13        
0000d008  __mspabi_srli_14        
0000d004  __mspabi_srli_15        
0000d038  __mspabi_srli_2         
0000d034  __mspabi_srli_3         
0000d030  __mspabi_srli_4         
0000d02c  __mspabi_srli_5         
0000d028  __mspabi_srli_6         
0000d024  __mspabi_srli_7         
0000d020  __mspabi_srli_8         
0000d01c  __mspabi_srli_9         
0000cf48  __mspabi_srll_1         
0000cf12  __mspabi_srll_10        
0000cf0c  __mspabi_srll_11        
0000cf06  __mspabi_srll_12        
0000cf00  __mspabi_srll_13        
0000cefa  __mspabi_srll_14        
0000cef4  __mspabi_srll_15        
0000cf42  __mspabi_srll_2         
0000cf3c  __mspabi_srll_3         
0000cf36  __mspabi_srll_4         
0000cf30  __mspabi_srll_5         
0000cf2a  __mspabi_srll_6         
0000cf24  __mspabi_srll_7         
0000cf1e  __mspabi_srll_8         
0000cf18  __mspabi_srll_9         
0000ce22  _auto_init              
0000d1d8  _c_int00_noargs_noexit  
0000fffe  _reset_vector           
000003b0  _stack                  
0000d278  _system_post_cinit      
0000d274  _system_pre_init        
0000d268  abort                   
00000200  adcbuff                 
0000cf50  copy_in                 
0000cc28  main                    
0000032c  max                     
00000264  maxval                  
0000d230  memcpy                  
0000032e  min                     
000002c8  minval                  
00000330  vpp                     


GLOBAL SYMBOLS: SORTED BY Symbol Address 

address   name                    
-------   ----                    
00000000  IE1                     
00000001  IE2                     
00000002  IFG1                    
00000003  IFG2                    
00000010  P3REN                   
00000018  P3IN                    
00000019  P3OUT                   
0000001a  P3DIR                   
0000001b  P3SEL                   
00000020  P1IN                    
00000021  P1OUT                   
00000022  P1DIR                   
00000023  P1IFG                   
00000024  P1IES                   
00000025  P1IE                    
00000026  P1SEL                   
00000027  P1REN                   
00000028  P2IN                    
00000029  P2OUT                   
0000002a  P2DIR                   
0000002b  P2IFG                   
0000002c  P2IES                   
0000002d  P2IE                    
0000002e  P2SEL                   
0000002f  P2REN                   
00000041  P1SEL2                  
00000042  P2SEL2                  
00000043  P3SEL2                  
00000048  ADC10DTC0               
00000049  ADC10DTC1               
0000004a  ADC10AE0                
00000050  __STACK_SIZE            
00000053  BCSCTL3                 
00000056  DCOCTL                  
00000057  BCSCTL1                 
00000058  BCSCTL2                 
00000059  CACTL1                  
0000005a  CACTL2                  
0000005b  CAPD                    
0000005d  UCA0ABCTL               
0000005e  UCA0IRTCTL              
0000005f  UCA0IRRCTL              
00000060  UCA0CTL0                
00000061  UCA0CTL1                
00000062  UCA0BR0                 
00000063  UCA0BR1                 
00000064  UCA0MCTL                
00000065  UCA0STAT                
00000066  UCA0RXBUF               
00000067  UCA0TXBUF               
00000068  UCB0CTL0                
00000069  UCB0CTL1                
0000006a  UCB0BR0                 
0000006b  UCB0BR1                 
0000006c  UCB0I2CIE               
0000006d  UCB0STAT                
0000006e  UCB0RXBUF               
0000006f  UCB0TXBUF               
00000118  UCB0I2COA               
0000011a  UCB0I2CSA               
0000011e  TA1IV                   
00000120  WDTCTL                  
00000128  FCTL1                   
0000012a  FCTL2                   
0000012c  FCTL3                   
0000012e  TA0IV                   
00000160  TA0CTL                  
00000162  TA0CCTL0                
00000164  TA0CCTL1                
00000166  TA0CCTL2                
00000170  TA0R                    
00000172  TA0CCR0                 
00000174  TA0CCR1                 
00000176  TA0CCR2                 
00000180  TA1CTL                  
00000182  TA1CCTL0                
00000184  TA1CCTL1                
00000186  TA1CCTL2                
00000190  TA1R                    
00000192  TA1CCR0                 
00000194  TA1CCR1                 
00000196  TA1CCR2                 
000001b0  ADC10CTL0               
000001b2  ADC10CTL1               
000001b4  ADC10MEM                
000001bc  ADC10SA                 
00000200  adcbuff                 
00000264  maxval                  
000002c8  minval                  
0000032c  max                     
0000032e  min                     
00000330  vpp                     
000003b0  _stack                  
00000400  __STACK_END             
000010c0  TLV_CHECKSUM            
000010da  TLV_ADC10_1_TAG         
000010db  TLV_ADC10_1_LEN         
000010f6  TLV_DCO_30_TAG          
000010f7  TLV_DCO_30_LEN          
000010f8  CALDCO_16MHZ            
000010f9  CALBC1_16MHZ            
000010fa  CALDCO_12MHZ            
000010fb  CALBC1_12MHZ            
000010fc  CALDCO_8MHZ             
000010fd  CALBC1_8MHZ             
000010fe  CALDCO_1MHZ             
000010ff  CALBC1_1MHZ             
0000c000  __TI_frcdivd            
0000c48e  __TI_frcmpyd            
0000c782  __mspabi_mpyd           
0000c9f0  __mspabi_divd           
0000cc28  main                    
0000cd24  __mspabi_cvtdf          
0000cdb0  __mspabi_cvtfd          
0000ce22  _auto_init              
0000cef4  __mspabi_srll_15        
0000cefa  __mspabi_srll_14        
0000cf00  __mspabi_srll_13        
0000cf06  __mspabi_srll_12        
0000cf0c  __mspabi_srll_11        
0000cf12  __mspabi_srll_10        
0000cf18  __mspabi_srll_9         
0000cf1e  __mspabi_srll_8         
0000cf24  __mspabi_srll_7         
0000cf2a  __mspabi_srll_6         
0000cf30  __mspabi_srll_5         
0000cf36  __mspabi_srll_4         
0000cf3c  __mspabi_srll_3         
0000cf42  __mspabi_srll_2         
0000cf48  __mspabi_srll_1         
0000cf50  copy_in                 
0000cfaa  InitADC                 
0000cff6  __mspabi_srli           
0000d004  __mspabi_srli_15        
0000d008  __mspabi_srli_14        
0000d00c  __mspabi_srli_13        
0000d010  __mspabi_srli_12        
0000d014  __mspabi_srli_11        
0000d018  __mspabi_srli_10        
0000d01c  __mspabi_srli_9         
0000d020  __mspabi_srli_8         
0000d024  __mspabi_srli_7         
0000d028  __mspabi_srli_6         
0000d02c  __mspabi_srli_5         
0000d030  __mspabi_srli_4         
0000d034  __mspabi_srli_3         
0000d038  __mspabi_srli_2         
0000d03c  __mspabi_srli_1         
0000d042  __mspabi_sral_15        
0000d046  __mspabi_sral_14        
0000d04a  __mspabi_sral_13        
0000d04e  __mspabi_sral_12        
0000d052  __mspabi_sral_11        
0000d056  __mspabi_sral_10        
0000d05a  __mspabi_sral_9         
0000d05e  __mspabi_sral_8         
0000d062  __mspabi_sral_7         
0000d066  __mspabi_sral_6         
0000d06a  __mspabi_sral_5         
0000d06e  __mspabi_sral_4         
0000d072  __mspabi_sral_3         
0000d076  __mspabi_sral_2         
0000d07a  __mspabi_sral_1         
0000d080  __mspabi_slll_15        
0000d084  __mspabi_slll_14        
0000d088  __mspabi_slll_13        
0000d08c  __mspabi_slll_12        
0000d090  __mspabi_slll_11        
0000d094  __mspabi_slll_10        
0000d098  __mspabi_slll_9         
0000d09c  __mspabi_slll_8         
0000d0a0  __mspabi_slll_7         
0000d0a4  __mspabi_slll_6         
0000d0a8  __mspabi_slll_5         
0000d0ac  __mspabi_slll_4         
0000d0b0  __mspabi_slll_3         
0000d0b4  __mspabi_slll_2         
0000d0b8  __mspabi_slll_1         
0000d0be  InitUART                
0000d0ec  __mspabi_srai           
0000d0f8  __mspabi_srai_15        
0000d0fa  __mspabi_srai_14        
0000d0fc  __mspabi_srai_13        
0000d0fe  __mspabi_srai_12        
0000d100  __mspabi_srai_11        
0000d102  __mspabi_srai_10        
0000d104  __mspabi_srai_9         
0000d106  __mspabi_srai_8         
0000d108  __mspabi_srai_7         
0000d10a  __mspabi_srai_6         
0000d10c  __mspabi_srai_5         
0000d10e  __mspabi_srai_4         
0000d110  __mspabi_srai_3         
0000d112  __mspabi_srai_2         
0000d114  __mspabi_srai_1         
0000d118  __mspabi_slli           
0000d124  __mspabi_slli_15        
0000d126  __mspabi_slli_14        
0000d128  __mspabi_slli_13        
0000d12a  __mspabi_slli_12        
0000d12c  __mspabi_slli_11        
0000d12e  __mspabi_slli_10        
0000d130  __mspabi_slli_9         
0000d132  __mspabi_slli_8         
0000d134  __mspabi_slli_7         
0000d136  __mspabi_slli_6         
0000d138  __mspabi_slli_5         
0000d13a  __mspabi_slli_4         
0000d13c  __mspabi_slli_3         
0000d13e  __mspabi_slli_2         
0000d140  __mspabi_slli_1         
0000d144  Min                     
0000d16a  __mspabi_mpyl           
0000d16a  __mspabi_mpyl_sw        
0000d190  Max                     
0000d1b4  __mspabi_fltuf          
0000d1d8  _c_int00_noargs_noexit  
0000d1f2  InitSystemClock         
0000d20a  __mspabi_mpyi           
0000d20a  __mspabi_mpyi_sw        
0000d21e  __TI_decompress_none    
0000d230  memcpy                  
0000d242  __mspabi_func_epilog_7  
0000d244  __mspabi_func_epilog_6  
0000d246  __mspabi_func_epilog_5  
0000d248  __mspabi_func_epilog_4  
0000d24a  __mspabi_func_epilog_3  
0000d24c  __mspabi_func_epilog_2  
0000d24e  __mspabi_func_epilog_1  
0000d252  StartADCConvert         
0000d260  __TI_ISR_TRAP           
0000d268  C$$EXIT                 
0000d268  abort                   
0000d26e  __TI_decompress_rle24   
0000d274  _system_pre_init        
0000d278  _system_post_cinit      
0000d286  __TI_Handler_Table_Base 
0000d28a  __TI_CINIT_Base         
0000d28a  __TI_Handler_Table_Limit
0000d28e  __TI_CINIT_Limit        
0000ffe0  __TI_int00              
0000ffe4  __TI_int02              
0000ffe6  __TI_int03              
0000ffea  __TI_int05              
0000ffec  __TI_int06              
0000ffee  __TI_int07              
0000fff0  __TI_int08              
0000fff2  __TI_int09              
0000fff4  __TI_int10              
0000fff6  __TI_int11              
0000fff8  __TI_int12              
0000fffa  __TI_int13              
0000fffc  __TI_int14              
0000fffe  _reset_vector           
ffffffff  __TI_pprof_out_hndl     
ffffffff  __TI_prof_data_size     
ffffffff  __TI_prof_data_start    
ffffffff  __c_args__              
UNDEFED   __TI_BINIT_Base         
UNDEFED   __TI_BINIT_Limit        
UNDEFED   __TI_INITARRAY_Base     
UNDEFED   __TI_INITARRAY_Limit    

[262 symbols]
