******************************************************************************
                  MSP430 Linker PC v4.0.0                      
******************************************************************************
>> Linked Tue Jul 02 10:00:54 2013

OUTPUT FILE NAME:   <TF_Audio.out>
ENTRY POINT SYMBOL: "_c_int00"  address: 0000c45c


MEMORY CONFIGURATION

         name            origin    length      used     unused   attr    fill
----------------------  --------  ---------  --------  --------  ----  --------
  SFR                   00000000   00000010  00000000  00000010  RWIX
  PERIPHERALS_8BIT      00000010   000000f0  00000000  000000f0  RWIX
  PERIPHERALS_16BIT     00000100   00000100  00000000  00000100  RWIX
  RAM                   00000200   00000200  00000162  0000009e  RWIX
  INFOD                 00001000   00000040  00000000  00000040  RWIX
  INFOC                 00001040   00000040  00000000  00000040  RWIX
  INFOB                 00001080   00000040  00000000  00000040  RWIX
  INFOA                 000010c0   00000040  00000000  00000040  RWIX
  FLASH                 0000c000   00003fe0  000005e6  000039fa  RWIX
  INT00                 0000ffe0   00000002  00000000  00000002  RWIX
  INT01                 0000ffe2   00000002  00000000  00000002  RWIX
  INT02                 0000ffe4   00000002  00000000  00000002  RWIX
  INT03                 0000ffe6   00000002  00000000  00000002  RWIX
  INT04                 0000ffe8   00000002  00000000  00000002  RWIX
  INT05                 0000ffea   00000002  00000000  00000002  RWIX
  INT06                 0000ffec   00000002  00000000  00000002  RWIX
  INT07                 0000ffee   00000002  00000000  00000002  RWIX
  INT08                 0000fff0   00000002  00000000  00000002  RWIX
  INT09                 0000fff2   00000002  00000002  00000000  RWIX
  INT10                 0000fff4   00000002  00000000  00000002  RWIX
  INT11                 0000fff6   00000002  00000000  00000002  RWIX
  INT12                 0000fff8   00000002  00000000  00000002  RWIX
  INT13                 0000fffa   00000002  00000000  00000002  RWIX
  INT14                 0000fffc   00000002  00000000  00000002  RWIX
  RESET                 0000fffe   00000002  00000002  00000000  RWIX


SECTION ALLOCATION MAP

 output                                  attributes/
section   page    origin      length       input sections
--------  ----  ----------  ----------   ----------------
.pinit     0    0000c000    00000000     UNINITIALIZED

.bss       0    00000200    00000112     UNINITIALIZED
                  00000200    00000106     softFIFO.obj (.bss)
                  00000306    00000004     main.obj (.bss)
                  0000030a    00000004     rts430.lib : _lock.obj (.bss)
                  0000030e    00000004                : boot.obj (.bss)

.stack     0    000003b0    00000050     UNINITIALIZED
                  000003b0    00000002     rts430.lib : boot.obj (.stack)
                  000003b2    0000004e     --HOLE--

.text      0    0000c000    000005d0     
                  0000c000    000000bc     main.obj (.text:SD_Read_InFIFO)
                  0000c0bc    00000090     SD_SPI.obj (.text:SD_Set_SPI)
                  0000c14c    0000005e     SPI.obj (.text:SPI_init)
                  0000c1aa    0000005c     rts430.lib : lsr32.obj (.text:l_lsr_const)
                  0000c206    00000052     SD_SPI.obj (.text:SD_Reset)
                  0000c258    0000004a     DAC8411.obj (.text:write2DAC8411)
                  0000c2a2    00000046     rts430.lib : autoinit.obj (.text:_auto_init)
                  0000c2e8    0000003e                : lsl32.obj (.text:l_lsl_const)
                  0000c326    00000036     SD_SPI.obj (.text:Write_Command_SD)
                  0000c35c    00000030     main.obj (.text:main)
                  0000c38c    0000002c     SPI.obj (.text:SPI_RxFrame)
                  0000c3b8    0000002c     softFIFO.obj (.text:Write_FIFO)
                  0000c3e4    0000002a     main.obj (.text:TA0_OnTime)
                  0000c40e    00000028     softFIFO.obj (.text:Read_FIFO)
                  0000c436    00000026     main.obj (.text:Timer0_A0)
                  0000c45c    00000026     rts430.lib : boot.obj (.text:_c_int00_noexit)
                  0000c482    00000024     SD_SPI.obj (.text:SD_Init)
                  0000c4a6    00000024     SPI.obj (.text:SPI_TxFrame)
                  0000c4ca    00000018     SD_HardWare.obj (.text:SD_Read_Byte)
                  0000c4e2    00000018     SD_HardWare.obj (.text:SD_Write_Frame)
                  0000c4fa    00000018     SPI.obj (.text:SPI_LowSpeed)
                  0000c512    00000016     SD_HardWare.obj (.text:SD_Write_Byte)
                  0000c528    00000016     SPI.obj (.text:SPI_HighSpeed)
                  0000c53e    00000016     main.obj (.text:Time0_A_Init)
                  0000c554    00000014     DAC8411.obj (.text:DAC8411_Init)
                  0000c568    00000014     rts430.lib : memset.obj (.text:memset)
                  0000c57c    00000012                : memcpy.obj (.text:memcpy)
                  0000c58e    00000010                : epilog.obj (.text)
                  0000c59e    00000008     SPI.obj (.text:SPI_CS_High)
                  0000c5a6    00000008     SPI.obj (.text:SPI_CS_Low)
                  0000c5ae    00000006     SD_HardWare.obj (.text:SD_CS_High)
                  0000c5b4    00000006     SD_HardWare.obj (.text:SD_CS_Low)
                  0000c5ba    00000006     SD_HardWare.obj (.text:SD_High_Speed)
                  0000c5c0    00000006     SD_HardWare.obj (.text:SD_Low_Speed)
                  0000c5c6    00000004     rts430.lib : pre_init.obj (.text:_system_pre_init)
                  0000c5ca    00000004                : exit.obj (.text:abort)
                  0000c5ce    00000002                : _lock.obj (.text:_nop)

.cinit     0    0000c5d0    00000010     
                  0000c5d0    00000008     main.obj (.cinit)
                  0000c5d8    00000005     softFIFO.obj (.cinit)
                  0000c5dd    00000001     --HOLE-- [fill = 0]
                  0000c5de    00000002     (.pad.cinit) [fill = 0]

.const     0    0000c5e0    00000006     
                  0000c5e0    00000006     SD_SPI.obj (.const:$P$T0$1)

.int09     0    0000fff2    00000002     
                  0000fff2    00000002     main.obj (.int09)

.reset     0    0000fffe    00000002     
                  0000fffe    00000002     rts430.lib : boot.obj (.reset)


GLOBAL SYMBOLS: SORTED ALPHABETICALLY BY Name 

address    name
--------   ----
00000200   .bss
0000c000   .text
0000004a   ADC10AE0
000001b0   ADC10CTL0
000001b2   ADC10CTL1
00000048   ADC10DTC0
00000049   ADC10DTC1
000001b4   ADC10MEM
000001bc   ADC10SA
00000057   BCSCTL1
00000058   BCSCTL2
00000053   BCSCTL3
0000c5ca   C$$EXIT
00000059   CACTL1
0000005a   CACTL2
000010fb   CALBC1_12MHZ
000010f9   CALBC1_16MHZ
000010ff   CALBC1_1MHZ
000010fd   CALBC1_8MHZ
000010fa   CALDCO_12MHZ
000010f8   CALDCO_16MHZ
000010fe   CALDCO_1MHZ
000010fc   CALDCO_8MHZ
0000005b   CAPD
0000c554   DAC8411_Init
00000056   DCOCTL
00000128   FCTL1
0000012a   FCTL2
0000012c   FCTL3
00000200   FIFOBuff
00000304   FIFO_Count
00000000   IE1
00000001   IE2
00000002   IFG1
00000003   IFG2
0000c320   L_LSL_1
0000c2fc   L_LSL_10
0000c2f8   L_LSL_11
0000c2f4   L_LSL_12
0000c2f0   L_LSL_13
0000c2ec   L_LSL_14
0000c2e8   L_LSL_15
0000c31c   L_LSL_2
0000c318   L_LSL_3
0000c314   L_LSL_4
0000c310   L_LSL_5
0000c30c   L_LSL_6
0000c308   L_LSL_7
0000c304   L_LSL_8
0000c300   L_LSL_9
0000c1fe   L_LSR_1
0000c1c8   L_LSR_10
0000c1c2   L_LSR_11
0000c1bc   L_LSR_12
0000c1b6   L_LSR_13
0000c1b0   L_LSR_14
0000c1aa   L_LSR_15
0000c1f8   L_LSR_2
0000c1f2   L_LSR_3
0000c1ec   L_LSR_4
0000c1e6   L_LSR_5
0000c1e0   L_LSR_6
0000c1da   L_LSR_7
0000c1d4   L_LSR_8
0000c1ce   L_LSR_9
00000022   P1DIR
00000025   P1IE
00000024   P1IES
00000023   P1IFG
00000020   P1IN
00000021   P1OUT
00000027   P1REN
00000026   P1SEL
00000041   P1SEL2
0000002a   P2DIR
0000002d   P2IE
0000002c   P2IES
0000002b   P2IFG
00000028   P2IN
00000029   P2OUT
0000002f   P2REN
0000002e   P2SEL
00000042   P2SEL2
0000001a   P3DIR
00000018   P3IN
00000019   P3OUT
00000010   P3REN
0000001b   P3SEL
00000043   P3SEL2
0000c40e   Read_FIFO
0000c5ae   SD_CS_High
0000c5b4   SD_CS_Low
0000c5ba   SD_High_Speed
0000c482   SD_Init
0000c5c0   SD_Low_Speed
0000c4ca   SD_Read_Byte
0000c000   SD_Read_InFIFO
0000c206   SD_Reset
0000c0bc   SD_Set_SPI
0000c512   SD_Write_Byte
0000c4e2   SD_Write_Frame
0000c59e   SPI_CS_High
0000c5a6   SPI_CS_Low
0000c528   SPI_HighSpeed
0000c4fa   SPI_LowSpeed
0000c38c   SPI_RxFrame
0000c4a6   SPI_TxFrame
0000c14c   SPI_init
00000172   TA0CCR0
00000174   TA0CCR1
00000176   TA0CCR2
00000162   TA0CCTL0
00000164   TA0CCTL1
00000166   TA0CCTL2
00000160   TA0CTL
0000012e   TA0IV
00000170   TA0R
0000c3e4   TA0_OnTime
00000192   TA1CCR0
00000194   TA1CCR1
00000196   TA1CCR2
00000182   TA1CCTL0
00000184   TA1CCTL1
00000186   TA1CCTL2
00000180   TA1CTL
0000011e   TA1IV
00000190   TA1R
0000c53e   Time0_A_Init
0000c436   Timer0_A0
0000005d   UCA0ABCTL
00000062   UCA0BR0
00000063   UCA0BR1
00000060   UCA0CTL0
00000061   UCA0CTL1
0000005f   UCA0IRRCTL
0000005e   UCA0IRTCTL
00000064   UCA0MCTL
00000066   UCA0RXBUF
00000065   UCA0STAT
00000067   UCA0TXBUF
0000006a   UCB0BR0
0000006b   UCB0BR1
00000068   UCB0CTL0
00000069   UCB0CTL1
0000006c   UCB0I2CIE
00000118   UCB0I2COA
0000011a   UCB0I2CSA
0000006e   UCB0RXBUF
0000006d   UCB0STAT
0000006f   UCB0TXBUF
00000120   WDTCTL
0000c326   Write_Command_SD
0000c3b8   Write_FIFO
00000400   __STACK_END
00000050   __STACK_SIZE
00000001   __TI_args_main
00000001   __TI_auto_init
00000001   __TI_exit
ffffffff   __binit__
00000200   __bss__
ffffffff   __c_args__
0000c5d0   __cinit__
00000312   __end__
0000c5d0   __etext__
ffffffff   __pinit__
0000c000   __text__
0000c2a2   _auto_init
0000c45c   _c_int00
0000c45c   _c_int00_noexit
0000030e   _cleanup_ptr
00000310   _dtors_ptr
0000030a   _lock
0000c5ce   _nop
0000fffe   _reset_vector
000003b0   _stack
0000c5c6   _system_pre_init
0000030c   _unlock
0000c5ca   abort
ffffffff   binit
0000c5d0   cinit
00000312   end
0000c5d0   etext
0000c59a   func_epilog_1
0000c598   func_epilog_2
0000c596   func_epilog_3
0000c594   func_epilog_4
0000c592   func_epilog_5
0000c590   func_epilog_6
0000c58e   func_epilog_7
0000c35c   main
0000c57c   memcpy
0000c568   memset
ffffffff   pinit
0000c258   write2DAC8411


GLOBAL SYMBOLS: SORTED BY Symbol Address 

address    name
--------   ----
00000000   IE1
00000001   IE2
00000001   __TI_args_main
00000001   __TI_auto_init
00000001   __TI_exit
00000002   IFG1
00000003   IFG2
00000010   P3REN
00000018   P3IN
00000019   P3OUT
0000001a   P3DIR
0000001b   P3SEL
00000020   P1IN
00000021   P1OUT
00000022   P1DIR
00000023   P1IFG
00000024   P1IES
00000025   P1IE
00000026   P1SEL
00000027   P1REN
00000028   P2IN
00000029   P2OUT
0000002a   P2DIR
0000002b   P2IFG
0000002c   P2IES
0000002d   P2IE
0000002e   P2SEL
0000002f   P2REN
00000041   P1SEL2
00000042   P2SEL2
00000043   P3SEL2
00000048   ADC10DTC0
00000049   ADC10DTC1
0000004a   ADC10AE0
00000050   __STACK_SIZE
00000053   BCSCTL3
00000056   DCOCTL
00000057   BCSCTL1
00000058   BCSCTL2
00000059   CACTL1
0000005a   CACTL2
0000005b   CAPD
0000005d   UCA0ABCTL
0000005e   UCA0IRTCTL
0000005f   UCA0IRRCTL
00000060   UCA0CTL0
00000061   UCA0CTL1
00000062   UCA0BR0
00000063   UCA0BR1
00000064   UCA0MCTL
00000065   UCA0STAT
00000066   UCA0RXBUF
00000067   UCA0TXBUF
00000068   UCB0CTL0
00000069   UCB0CTL1
0000006a   UCB0BR0
0000006b   UCB0BR1
0000006c   UCB0I2CIE
0000006d   UCB0STAT
0000006e   UCB0RXBUF
0000006f   UCB0TXBUF
00000118   UCB0I2COA
0000011a   UCB0I2CSA
0000011e   TA1IV
00000120   WDTCTL
00000128   FCTL1
0000012a   FCTL2
0000012c   FCTL3
0000012e   TA0IV
00000160   TA0CTL
00000162   TA0CCTL0
00000164   TA0CCTL1
00000166   TA0CCTL2
00000170   TA0R
00000172   TA0CCR0
00000174   TA0CCR1
00000176   TA0CCR2
00000180   TA1CTL
00000182   TA1CCTL0
00000184   TA1CCTL1
00000186   TA1CCTL2
00000190   TA1R
00000192   TA1CCR0
00000194   TA1CCR1
00000196   TA1CCR2
000001b0   ADC10CTL0
000001b2   ADC10CTL1
000001b4   ADC10MEM
000001bc   ADC10SA
00000200   .bss
00000200   FIFOBuff
00000200   __bss__
00000304   FIFO_Count
0000030a   _lock
0000030c   _unlock
0000030e   _cleanup_ptr
00000310   _dtors_ptr
00000312   __end__
00000312   end
000003b0   _stack
00000400   __STACK_END
000010f8   CALDCO_16MHZ
000010f9   CALBC1_16MHZ
000010fa   CALDCO_12MHZ
000010fb   CALBC1_12MHZ
000010fc   CALDCO_8MHZ
000010fd   CALBC1_8MHZ
000010fe   CALDCO_1MHZ
000010ff   CALBC1_1MHZ
0000c000   .text
0000c000   SD_Read_InFIFO
0000c000   __text__
0000c0bc   SD_Set_SPI
0000c14c   SPI_init
0000c1aa   L_LSR_15
0000c1b0   L_LSR_14
0000c1b6   L_LSR_13
0000c1bc   L_LSR_12
0000c1c2   L_LSR_11
0000c1c8   L_LSR_10
0000c1ce   L_LSR_9
0000c1d4   L_LSR_8
0000c1da   L_LSR_7
0000c1e0   L_LSR_6
0000c1e6   L_LSR_5
0000c1ec   L_LSR_4
0000c1f2   L_LSR_3
0000c1f8   L_LSR_2
0000c1fe   L_LSR_1
0000c206   SD_Reset
0000c258   write2DAC8411
0000c2a2   _auto_init
0000c2e8   L_LSL_15
0000c2ec   L_LSL_14
0000c2f0   L_LSL_13
0000c2f4   L_LSL_12
0000c2f8   L_LSL_11
0000c2fc   L_LSL_10
0000c300   L_LSL_9
0000c304   L_LSL_8
0000c308   L_LSL_7
0000c30c   L_LSL_6
0000c310   L_LSL_5
0000c314   L_LSL_4
0000c318   L_LSL_3
0000c31c   L_LSL_2
0000c320   L_LSL_1
0000c326   Write_Command_SD
0000c35c   main
0000c38c   SPI_RxFrame
0000c3b8   Write_FIFO
0000c3e4   TA0_OnTime
0000c40e   Read_FIFO
0000c436   Timer0_A0
0000c45c   _c_int00
0000c45c   _c_int00_noexit
0000c482   SD_Init
0000c4a6   SPI_TxFrame
0000c4ca   SD_Read_Byte
0000c4e2   SD_Write_Frame
0000c4fa   SPI_LowSpeed
0000c512   SD_Write_Byte
0000c528   SPI_HighSpeed
0000c53e   Time0_A_Init
0000c554   DAC8411_Init
0000c568   memset
0000c57c   memcpy
0000c58e   func_epilog_7
0000c590   func_epilog_6
0000c592   func_epilog_5
0000c594   func_epilog_4
0000c596   func_epilog_3
0000c598   func_epilog_2
0000c59a   func_epilog_1
0000c59e   SPI_CS_High
0000c5a6   SPI_CS_Low
0000c5ae   SD_CS_High
0000c5b4   SD_CS_Low
0000c5ba   SD_High_Speed
0000c5c0   SD_Low_Speed
0000c5c6   _system_pre_init
0000c5ca   C$$EXIT
0000c5ca   abort
0000c5ce   _nop
0000c5d0   __cinit__
0000c5d0   __etext__
0000c5d0   cinit
0000c5d0   etext
0000fffe   _reset_vector
ffffffff   __binit__
ffffffff   __c_args__
ffffffff   __pinit__
ffffffff   binit
ffffffff   pinit

[194 symbols]
