******************************************************************************
                  MSP430 Linker PC v4.0.0                      
******************************************************************************
>> Linked Mon Apr 22 18:02:30 2013

OUTPUT FILE NAME:   <ADC10_Temperature_1111.out>
ENTRY POINT SYMBOL: "_c_int00"  address: 0000cba4


MEMORY CONFIGURATION

         name            origin    length      used     unused   attr    fill
----------------------  --------  ---------  --------  --------  ----  --------
  SFR                   00000000   00000010  00000000  00000010  RWIX
  PERIPHERALS_8BIT      00000010   000000f0  00000000  000000f0  RWIX
  PERIPHERALS_16BIT     00000100   00000100  00000000  00000100  RWIX
  RAM                   00000200   00000200  00000074  0000018c  RWIX
  INFOD                 00001000   00000040  00000000  00000040  RWIX
  INFOC                 00001040   00000040  00000000  00000040  RWIX
  INFOB                 00001080   00000040  00000000  00000040  RWIX
  INFOA                 000010c0   00000040  00000000  00000040  RWIX
  FLASH                 0000c000   00003fe0  00000d0e  000032d2  RWIX
  INT00                 0000ffe0   00000002  00000000  00000002  RWIX
  INT01                 0000ffe2   00000002  00000000  00000002  RWIX
  INT02                 0000ffe4   00000002  00000000  00000002  RWIX
  INT03                 0000ffe6   00000002  00000000  00000002  RWIX
  INT04                 0000ffe8   00000002  00000000  00000002  RWIX
  INT05                 0000ffea   00000002  00000002  00000000  RWIX
  INT06                 0000ffec   00000002  00000000  00000002  RWIX
  INT07                 0000ffee   00000002  00000000  00000002  RWIX
  INT08                 0000fff0   00000002  00000000  00000002  RWIX
  INT09                 0000fff2   00000002  00000000  00000002  RWIX
  INT10                 0000fff4   00000002  00000000  00000002  RWIX
  INT11                 0000fff6   00000002  00000000  00000002  RWIX
  INT12                 0000fff8   00000002  00000000  00000002  RWIX
  INT13                 0000fffa   00000002  00000000  00000002  RWIX
  INT14                 0000fffc   00000002  00000000  00000002  RWIX
  RESET                 0000fffe   00000002  00000002  00000000  RWIX


SECTION ALLOCATION MAP

 output                                  attributes/
section   page    origin      length       input sections
--------  ----  ----------  ----------   ----------------
.pinit     0    0000c000    00000000     UNINITIALIZED

.bss       0    00000200    00000024     UNINITIALIZED
                  00000200    00000010     LCD_128.obj (.bss)
                  00000210    00000008     main.obj (.bss)
                  00000218    00000004     TCA6416A.obj (.bss)
                  0000021c    00000004     rts430.lib : _lock.obj (.bss)
                  00000220    00000004                : boot.obj (.bss)

.stack     0    000003b0    00000050     UNINITIALIZED
                  000003b0    00000002     rts430.lib : boot.obj (.stack)
                  000003b2    0000004e     --HOLE--

.text      0    0000c000    00000ce6     
                  0000c000    00000516     LCD_128.obj (.text:LCD_DisplayDigit)
                  0000c516    000000e4     HT1621.obj (.text:HT1621_init)
                  0000c5fa    000000b4     TCA6416A.obj (.text:PinOUT)
                  0000c6ae    000000b0     main.obj (.text:LCD_Display)
                  0000c75e    00000082     HT1621.obj (.text:HT1621_Reflash)
                  0000c7e0    0000005a     main.obj (.text:main)
                  0000c83a    00000058     main.obj (.text:LCD_Init)
                  0000c892    00000058     rts430.lib : div32u.obj (.text)
                  0000c8ea    00000056     I2C.obj (.text:Send_Char)
                  0000c940    00000056     TCA6416A.obj (.text:TCA6416A_Init)
                  0000c996    0000004c     rts430.lib : lsr16.obj (.text)
                  0000c9e2    00000046                : autoinit.obj (.text:_auto_init)
                  0000ca28    00000040                : div32s.obj (.text)
                  0000ca68    00000036     HT1621.obj (.text:HT1621_SendBit)
                  0000ca9e    00000036     I2C.obj (.text:I2C_TxFrame)
                  0000cad4    0000002c     rts430.lib : asr16.obj (.text)
                  0000cb00    0000002c                : div16s.obj (.text)
                  0000cb2c    0000002c                : lsl16.obj (.text)
                  0000cb58    00000026     I2C.obj (.text:Start)
                  0000cb7e    00000026     I2C.obj (.text:Stop)
                  0000cba4    00000026     rts430.lib : boot.obj (.text:_c_int00_noexit)
                  0000cbca    00000026                : mult32.obj (.text)
                  0000cbf0    00000024     main.obj (.text:ADC10_init)
                  0000cc14    0000001e     I2C.obj (.text:I2C_Init)
                  0000cc32    0000001e     LCD_128.obj (.text:LCD_ClearSeg)
                  0000cc50    0000001e     LCD_128.obj (.text:LCD_DisplaySeg)
                  0000cc6e    00000018     TCA6416A.obj (.text:TCA6416_Tx_Frame)
                  0000cc86    00000016     rts430.lib : div16u.obj (.text)
                  0000cc9c    00000014                : memset.obj (.text:memset)
                  0000ccb0    00000012                : memcpy.obj (.text:memcpy)
                  0000ccc2    00000010                : epilog.obj (.text)
                  0000ccd2    00000008     main.obj (.text:ADC10_ISR_HOOK)
                  0000ccda    00000004     rts430.lib : pre_init.obj (.text:_system_pre_init)
                  0000ccde    00000004                : exit.obj (.text:abort)
                  0000cce2    00000002     I2C.obj (.text:I2C_Tx_Init)
                  0000cce4    00000002     rts430.lib : _lock.obj (.text:_nop)

.cinit     0    0000cce6    00000028     
                  0000cce6    00000014     LCD_128.obj (.cinit)
                  0000ccfa    00000011     TCA6416A.obj (.cinit)
                  0000cd0b    00000001     --HOLE-- [fill = 0]
                  0000cd0c    00000002     (.pad.cinit) [fill = 0]

.int05     0    0000ffea    00000002     
                  0000ffea    00000002     main.obj (.int05)

.reset     0    0000fffe    00000002     
                  0000fffe    00000002     rts430.lib : boot.obj (.reset)


GLOBAL SYMBOLS: SORTED ALPHABETICALLY BY Name 

address    name
--------   ----
00000200   .bss
0000c000   .text
0000004a   ADC10AE0
000001b0   ADC10CTL0
000001b2   ADC10CTL1
00000048   ADC10DTC0
00000049   ADC10DTC1
000001b4   ADC10MEM
000001bc   ADC10SA
0000ccd2   ADC10_ISR_HOOK
0000cbf0   ADC10_init
00000057   BCSCTL1
00000058   BCSCTL2
00000053   BCSCTL3
0000ccde   C$$EXIT
00000059   CACTL1
0000005a   CACTL2
000010fb   CALBC1_12MHZ
000010f9   CALBC1_16MHZ
000010ff   CALBC1_1MHZ
000010fd   CALBC1_8MHZ
000010fa   CALDCO_12MHZ
000010f8   CALDCO_16MHZ
000010fe   CALDCO_1MHZ
000010fc   CALDCO_8MHZ
0000005b   CAPD
00000056   DCOCTL
00000128   FCTL1
0000012a   FCTL2
0000012c   FCTL3
0000c75e   HT1621_Reflash
0000ca68   HT1621_SendBit
0000c516   HT1621_init
0000cc14   I2C_Init
0000ca9e   I2C_TxFrame
0000cce2   I2C_Tx_Init
00000000   IE1
00000001   IE2
00000002   IFG1
00000003   IFG2
0000cad4   I_ASR
0000cafc   I_ASR_1
0000caea   I_ASR_10
0000cae8   I_ASR_11
0000cae6   I_ASR_12
0000cae4   I_ASR_13
0000cae2   I_ASR_14
0000cae0   I_ASR_15
0000cafa   I_ASR_2
0000caf8   I_ASR_3
0000caf6   I_ASR_4
0000caf4   I_ASR_5
0000caf2   I_ASR_6
0000caf0   I_ASR_7
0000caee   I_ASR_8
0000caec   I_ASR_9
0000cb2c   I_LSL
0000cb54   I_LSL_1
0000cb42   I_LSL_10
0000cb40   I_LSL_11
0000cb3e   I_LSL_12
0000cb3c   I_LSL_13
0000cb3a   I_LSL_14
0000cb38   I_LSL_15
0000cb52   I_LSL_2
0000cb50   I_LSL_3
0000cb4e   I_LSL_4
0000cb4c   I_LSL_5
0000cb4a   I_LSL_6
0000cb48   I_LSL_7
0000cb46   I_LSL_8
0000cb44   I_LSL_9
0000c996   I_LSR
0000c9dc   I_LSR_1
0000c9b8   I_LSR_10
0000c9b4   I_LSR_11
0000c9b0   I_LSR_12
0000c9ac   I_LSR_13
0000c9a8   I_LSR_14
0000c9a4   I_LSR_15
0000c9d8   I_LSR_2
0000c9d4   I_LSR_3
0000c9d0   I_LSR_4
0000c9cc   I_LSR_5
0000c9c8   I_LSR_6
0000c9c4   I_LSR_7
0000c9c0   I_LSR_8
0000c9bc   I_LSR_9
00000214   IntDeg
00000200   LCD_Buffer
0000cc32   LCD_ClearSeg
0000c6ae   LCD_Display
0000c000   LCD_DisplayDigit
0000cc50   LCD_DisplaySeg
0000c83a   LCD_Init
00000022   P1DIR
00000025   P1IE
00000024   P1IES
00000023   P1IFG
00000020   P1IN
00000021   P1OUT
00000027   P1REN
00000026   P1SEL
00000041   P1SEL2
0000002a   P2DIR
0000002d   P2IE
0000002c   P2IES
0000002b   P2IFG
00000028   P2IN
00000029   P2OUT
0000002f   P2REN
0000002e   P2SEL
00000042   P2SEL2
0000001a   P3DIR
00000018   P3IN
00000019   P3OUT
00000010   P3REN
0000001b   P3SEL
00000043   P3SEL2
0000c5fa   PinOUT
0000c8ea   Send_Char
0000cb58   Start
0000cb7e   Stop
00000172   TA0CCR0
00000174   TA0CCR1
00000176   TA0CCR2
00000162   TA0CCTL0
00000164   TA0CCTL1
00000166   TA0CCTL2
00000160   TA0CTL
0000012e   TA0IV
00000170   TA0R
00000192   TA1CCR0
00000194   TA1CCR1
00000196   TA1CCR2
00000182   TA1CCTL0
00000184   TA1CCTL1
00000186   TA1CCTL2
00000180   TA1CTL
0000011e   TA1IV
00000190   TA1R
0000c940   TCA6416A_Init
00000218   TCA6416A_InputBuffer
0000cc6e   TCA6416_Tx_Frame
0000005d   UCA0ABCTL
00000062   UCA0BR0
00000063   UCA0BR1
00000060   UCA0CTL0
00000061   UCA0CTL1
0000005f   UCA0IRRCTL
0000005e   UCA0IRTCTL
00000064   UCA0MCTL
00000066   UCA0RXBUF
00000065   UCA0STAT
00000067   UCA0TXBUF
0000006a   UCB0BR0
0000006b   UCB0BR1
00000068   UCB0CTL0
00000069   UCB0CTL1
0000006c   UCB0I2CIE
00000118   UCB0I2COA
0000011a   UCB0I2CSA
0000006e   UCB0RXBUF
0000006d   UCB0STAT
0000006f   UCB0TXBUF
00000120   WDTCTL
00000400   __STACK_END
00000050   __STACK_SIZE
00000001   __TI_args_main
00000001   __TI_auto_init
00000001   __TI_exit
ffffffff   __binit__
00000200   __bss__
ffffffff   __c_args__
0000cce6   __cinit__
0000cb00   __divi
0000ca28   __divli
0000cc86   __divu
0000c892   __divul
00000224   __end__
0000cce6   __etext__
0000cbca   __mpyl
ffffffff   __pinit__
0000cb00   __remi
0000ca28   __remli
0000cc86   __remu
0000c892   __remul
0000c000   __text__
0000c9e2   _auto_init
0000cba4   _c_int00
0000cba4   _c_int00_noexit
00000220   _cleanup_ptr
00000222   _dtors_ptr
0000021c   _lock
0000cce4   _nop
0000fffe   _reset_vector
000003b0   _stack
0000ccda   _system_pre_init
0000021e   _unlock
0000ccde   abort
ffffffff   binit
0000cce6   cinit
00000224   end
0000cce6   etext
0000ccce   func_epilog_1
0000cccc   func_epilog_2
0000ccca   func_epilog_3
0000ccc8   func_epilog_4
0000ccc6   func_epilog_5
0000ccc4   func_epilog_6
0000ccc2   func_epilog_7
0000c7e0   main
0000ccb0   memcpy
0000cc9c   memset
ffffffff   pinit
00000210   temp


GLOBAL SYMBOLS: SORTED BY Symbol Address 

address    name
--------   ----
00000000   IE1
00000001   IE2
00000001   __TI_args_main
00000001   __TI_auto_init
00000001   __TI_exit
00000002   IFG1
00000003   IFG2
00000010   P3REN
00000018   P3IN
00000019   P3OUT
0000001a   P3DIR
0000001b   P3SEL
00000020   P1IN
00000021   P1OUT
00000022   P1DIR
00000023   P1IFG
00000024   P1IES
00000025   P1IE
00000026   P1SEL
00000027   P1REN
00000028   P2IN
00000029   P2OUT
0000002a   P2DIR
0000002b   P2IFG
0000002c   P2IES
0000002d   P2IE
0000002e   P2SEL
0000002f   P2REN
00000041   P1SEL2
00000042   P2SEL2
00000043   P3SEL2
00000048   ADC10DTC0
00000049   ADC10DTC1
0000004a   ADC10AE0
00000050   __STACK_SIZE
00000053   BCSCTL3
00000056   DCOCTL
00000057   BCSCTL1
00000058   BCSCTL2
00000059   CACTL1
0000005a   CACTL2
0000005b   CAPD
0000005d   UCA0ABCTL
0000005e   UCA0IRTCTL
0000005f   UCA0IRRCTL
00000060   UCA0CTL0
00000061   UCA0CTL1
00000062   UCA0BR0
00000063   UCA0BR1
00000064   UCA0MCTL
00000065   UCA0STAT
00000066   UCA0RXBUF
00000067   UCA0TXBUF
00000068   UCB0CTL0
00000069   UCB0CTL1
0000006a   UCB0BR0
0000006b   UCB0BR1
0000006c   UCB0I2CIE
0000006d   UCB0STAT
0000006e   UCB0RXBUF
0000006f   UCB0TXBUF
00000118   UCB0I2COA
0000011a   UCB0I2CSA
0000011e   TA1IV
00000120   WDTCTL
00000128   FCTL1
0000012a   FCTL2
0000012c   FCTL3
0000012e   TA0IV
00000160   TA0CTL
00000162   TA0CCTL0
00000164   TA0CCTL1
00000166   TA0CCTL2
00000170   TA0R
00000172   TA0CCR0
00000174   TA0CCR1
00000176   TA0CCR2
00000180   TA1CTL
00000182   TA1CCTL0
00000184   TA1CCTL1
00000186   TA1CCTL2
00000190   TA1R
00000192   TA1CCR0
00000194   TA1CCR1
00000196   TA1CCR2
000001b0   ADC10CTL0
000001b2   ADC10CTL1
000001b4   ADC10MEM
000001bc   ADC10SA
00000200   .bss
00000200   LCD_Buffer
00000200   __bss__
00000210   temp
00000214   IntDeg
00000218   TCA6416A_InputBuffer
0000021c   _lock
0000021e   _unlock
00000220   _cleanup_ptr
00000222   _dtors_ptr
00000224   __end__
00000224   end
000003b0   _stack
00000400   __STACK_END
000010f8   CALDCO_16MHZ
000010f9   CALBC1_16MHZ
000010fa   CALDCO_12MHZ
000010fb   CALBC1_12MHZ
000010fc   CALDCO_8MHZ
000010fd   CALBC1_8MHZ
000010fe   CALDCO_1MHZ
000010ff   CALBC1_1MHZ
0000c000   .text
0000c000   LCD_DisplayDigit
0000c000   __text__
0000c516   HT1621_init
0000c5fa   PinOUT
0000c6ae   LCD_Display
0000c75e   HT1621_Reflash
0000c7e0   main
0000c83a   LCD_Init
0000c892   __divul
0000c892   __remul
0000c8ea   Send_Char
0000c940   TCA6416A_Init
0000c996   I_LSR
0000c9a4   I_LSR_15
0000c9a8   I_LSR_14
0000c9ac   I_LSR_13
0000c9b0   I_LSR_12
0000c9b4   I_LSR_11
0000c9b8   I_LSR_10
0000c9bc   I_LSR_9
0000c9c0   I_LSR_8
0000c9c4   I_LSR_7
0000c9c8   I_LSR_6
0000c9cc   I_LSR_5
0000c9d0   I_LSR_4
0000c9d4   I_LSR_3
0000c9d8   I_LSR_2
0000c9dc   I_LSR_1
0000c9e2   _auto_init
0000ca28   __divli
0000ca28   __remli
0000ca68   HT1621_SendBit
0000ca9e   I2C_TxFrame
0000cad4   I_ASR
0000cae0   I_ASR_15
0000cae2   I_ASR_14
0000cae4   I_ASR_13
0000cae6   I_ASR_12
0000cae8   I_ASR_11
0000caea   I_ASR_10
0000caec   I_ASR_9
0000caee   I_ASR_8
0000caf0   I_ASR_7
0000caf2   I_ASR_6
0000caf4   I_ASR_5
0000caf6   I_ASR_4
0000caf8   I_ASR_3
0000cafa   I_ASR_2
0000cafc   I_ASR_1
0000cb00   __divi
0000cb00   __remi
0000cb2c   I_LSL
0000cb38   I_LSL_15
0000cb3a   I_LSL_14
0000cb3c   I_LSL_13
0000cb3e   I_LSL_12
0000cb40   I_LSL_11
0000cb42   I_LSL_10
0000cb44   I_LSL_9
0000cb46   I_LSL_8
0000cb48   I_LSL_7
0000cb4a   I_LSL_6
0000cb4c   I_LSL_5
0000cb4e   I_LSL_4
0000cb50   I_LSL_3
0000cb52   I_LSL_2
0000cb54   I_LSL_1
0000cb58   Start
0000cb7e   Stop
0000cba4   _c_int00
0000cba4   _c_int00_noexit
0000cbca   __mpyl
0000cbf0   ADC10_init
0000cc14   I2C_Init
0000cc32   LCD_ClearSeg
0000cc50   LCD_DisplaySeg
0000cc6e   TCA6416_Tx_Frame
0000cc86   __divu
0000cc86   __remu
0000cc9c   memset
0000ccb0   memcpy
0000ccc2   func_epilog_7
0000ccc4   func_epilog_6
0000ccc6   func_epilog_5
0000ccc8   func_epilog_4
0000ccca   func_epilog_3
0000cccc   func_epilog_2
0000ccce   func_epilog_1
0000ccd2   ADC10_ISR_HOOK
0000ccda   _system_pre_init
0000ccde   C$$EXIT
0000ccde   abort
0000cce2   I2C_Tx_Init
0000cce4   _nop
0000cce6   __cinit__
0000cce6   __etext__
0000cce6   cinit
0000cce6   etext
0000fffe   _reset_vector
ffffffff   __binit__
ffffffff   __c_args__
ffffffff   __pinit__
ffffffff   binit
ffffffff   pinit

[216 symbols]
