******************************************************************************
                  MSP430 Linker PC v4.0.0                      
******************************************************************************
>> Linked Wed Apr 17 21:16:59 2013

OUTPUT FILE NAME:   <UART_KeyBoard.out>
ENTRY POINT SYMBOL: "_c_int00"  address: 0000c2a0


MEMORY CONFIGURATION

         name            origin    length      used     unused   attr    fill
----------------------  --------  ---------  --------  --------  ----  --------
  SFR                   00000000   00000010  00000000  00000010  RWIX
  PERIPHERALS_8BIT      00000010   000000f0  00000000  000000f0  RWIX
  PERIPHERALS_16BIT     00000100   00000100  00000000  00000100  RWIX
  RAM                   00000200   00000200  000000b4  0000014c  RWIX
  INFOD                 00001000   00000040  00000000  00000040  RWIX
  INFOC                 00001040   00000040  00000000  00000040  RWIX
  INFOB                 00001080   00000040  00000000  00000040  RWIX
  INFOA                 000010c0   00000040  00000000  00000040  RWIX
  FLASH                 0000c000   00003fe0  00000458  00003b88  RWIX
  INT00                 0000ffe0   00000002  00000000  00000002  RWIX
  INT01                 0000ffe2   00000002  00000000  00000002  RWIX
  INT02                 0000ffe4   00000002  00000000  00000002  RWIX
  INT03                 0000ffe6   00000002  00000000  00000002  RWIX
  INT04                 0000ffe8   00000002  00000000  00000002  RWIX
  INT05                 0000ffea   00000002  00000000  00000002  RWIX
  INT06                 0000ffec   00000002  00000002  00000000  RWIX
  INT07                 0000ffee   00000002  00000002  00000000  RWIX
  INT08                 0000fff0   00000002  00000000  00000002  RWIX
  INT09                 0000fff2   00000002  00000000  00000002  RWIX
  INT10                 0000fff4   00000002  00000000  00000002  RWIX
  INT11                 0000fff6   00000002  00000000  00000002  RWIX
  INT12                 0000fff8   00000002  00000000  00000002  RWIX
  INT13                 0000fffa   00000002  00000000  00000002  RWIX
  INT14                 0000fffc   00000002  00000000  00000002  RWIX
  RESET                 0000fffe   00000002  00000002  00000000  RWIX


SECTION ALLOCATION MAP

 output                                  attributes/
section   page    origin      length       input sections
--------  ----  ----------  ----------   ----------------
.pinit     0    0000c000    00000000     UNINITIALIZED

.bss       0    00000200    00000064     UNINITIALIZED
                  00000200    0000005c     UART_Global.obj (.bss)
                  0000025c    00000004     rts430.lib : _lock.obj (.bss)
                  00000260    00000004                : boot.obj (.bss)

.stack     0    000003b0    00000050     UNINITIALIZED
                  000003b0    00000002     rts430.lib : boot.obj (.stack)
                  000003b2    0000004e     --HOLE--

.text      0    0000c000    0000037e     
                  0000c000    000000f4     UART_Event.obj (.text:Command_match)
                  0000c0f4    00000090     UART_Event.obj (.text:UART_OnRx)
                  0000c184    00000046     rts430.lib : autoinit.obj (.text:_auto_init)
                  0000c1ca    00000042     UART_FIFO.obj (.text:Tx_FIFO_WriteChar)
                  0000c20c    00000032     UART_FIFO.obj (.text:Rx_FIFO_WriteChar)
                  0000c23e    00000032     UART_FIFO.obj (.text:Tx_FIFO_ReadChar)
                  0000c270    00000030     UART_init.obj (.text:USCI_A0_init)
                  0000c2a0    00000026     rts430.lib : boot.obj (.text:_c_int00_noexit)
                  0000c2c6    0000001e     UART_init.obj (.text:USCI0RX_ISR)
                  0000c2e4    0000001e     UART_init.obj (.text:USCI0TX_ISR)
                  0000c302    00000016     UART_Event.obj (.text:UART_OnTx)
                  0000c318    00000016     UART_Event.obj (.text:UART_SendString)
                  0000c32e    00000014     UART_FIFO.obj (.text:Rx_FIFO_Clear)
                  0000c342    00000012     rts430.lib : memcpy.obj (.text:memcpy)
                  0000c354    00000010     main.obj (.text:main)
                  0000c364    00000010     rts430.lib : epilog.obj (.text)
                  0000c374    00000004                : pre_init.obj (.text:_system_pre_init)
                  0000c378    00000004                : exit.obj (.text:abort)
                  0000c37c    00000002                : _lock.obj (.text:_nop)

.const     0    0000c37e    000000a8     
                  0000c37e    00000029     UART_Event.obj (.const:String1)
                  0000c3a7    00000001     --HOLE-- [fill = 0]
                  0000c3a8    00000018     UART_Event.obj (.const:String2)
                  0000c3c0    00000018     UART_Event.obj (.const:String4)
                  0000c3d8    00000015     UART_Event.obj (.const:String6)
                  0000c3ed    00000001     --HOLE-- [fill = 0]
                  0000c3ee    00000011     UART_Event.obj (.const:String3)
                  0000c3ff    00000001     --HOLE-- [fill = 0]
                  0000c400    00000011     UART_Event.obj (.const:String5)
                  0000c411    00000001     --HOLE-- [fill = 0]
                  0000c412    00000010     UART_Event.obj (.const:String7)
                  0000c422    00000004     UART_Event.obj (.const:Out_DELETE)

.cinit     0    0000c426    00000032     
                  0000c426    00000030     UART_Global.obj (.cinit)
                  0000c456    00000002     --HOLE-- [fill = 0]

.int06     0    0000ffec    00000002     
                  0000ffec    00000002     UART_init.obj (.int06)

.int07     0    0000ffee    00000002     
                  0000ffee    00000002     UART_init.obj (.int07)

.reset     0    0000fffe    00000002     
                  0000fffe    00000002     rts430.lib : boot.obj (.reset)


GLOBAL SYMBOLS: SORTED ALPHABETICALLY BY Name 

address    name
--------   ----
00000200   .bss
0000c000   .text
0000004a   ADC10AE0
000001b0   ADC10CTL0
000001b2   ADC10CTL1
00000048   ADC10DTC0
00000049   ADC10DTC1
000001b4   ADC10MEM
000001bc   ADC10SA
00000057   BCSCTL1
00000058   BCSCTL2
00000053   BCSCTL3
0000c378   C$$EXIT
00000059   CACTL1
0000005a   CACTL2
000010fb   CALBC1_12MHZ
000010f9   CALBC1_16MHZ
000010ff   CALBC1_1MHZ
000010fd   CALBC1_8MHZ
000010fa   CALDCO_12MHZ
000010f8   CALDCO_16MHZ
000010fe   CALDCO_1MHZ
000010fc   CALDCO_8MHZ
0000005b   CAPD
0000c000   Command_match
00000056   DCOCTL
00000128   FCTL1
0000012a   FCTL2
0000012c   FCTL3
00000000   IE1
00000001   IE2
00000002   IFG1
00000003   IFG2
0000c422   Out_DELETE
00000022   P1DIR
00000025   P1IE
00000024   P1IES
00000023   P1IFG
00000020   P1IN
00000021   P1OUT
00000027   P1REN
00000026   P1SEL
00000041   P1SEL2
0000002a   P2DIR
0000002d   P2IE
0000002c   P2IES
0000002b   P2IFG
00000028   P2IN
00000029   P2OUT
0000002f   P2REN
0000002e   P2SEL
00000042   P2SEL2
0000001a   P3DIR
00000018   P3IN
00000019   P3OUT
00000010   P3REN
0000001b   P3SEL
00000043   P3SEL2
00000200   Rx_FIFO
0000c32e   Rx_FIFO_Clear
00000210   Rx_FIFO_DataNum
00000212   Rx_FIFO_IndexR
00000214   Rx_FIFO_IndexW
0000c20c   Rx_FIFO_WriteChar
0000c37e   String1
0000c3a8   String2
0000c3ee   String3
0000c3c0   String4
0000c400   String5
0000c3d8   String6
0000c412   String7
00000172   TA0CCR0
00000174   TA0CCR1
00000176   TA0CCR2
00000162   TA0CCTL0
00000164   TA0CCTL1
00000166   TA0CCTL2
00000160   TA0CTL
0000012e   TA0IV
00000170   TA0R
00000192   TA1CCR0
00000194   TA1CCR1
00000196   TA1CCR2
00000182   TA1CCTL0
00000184   TA1CCTL1
00000186   TA1CCTL2
00000180   TA1CTL
0000011e   TA1IV
00000190   TA1R
00000216   Tx_FIFO
00000256   Tx_FIFO_DataNum
00000258   Tx_FIFO_IndexR
0000025a   Tx_FIFO_IndexW
0000c23e   Tx_FIFO_ReadChar
0000c1ca   Tx_FIFO_WriteChar
0000c0f4   UART_OnRx
0000c302   UART_OnTx
0000c318   UART_SendString
0000005d   UCA0ABCTL
00000062   UCA0BR0
00000063   UCA0BR1
00000060   UCA0CTL0
00000061   UCA0CTL1
0000005f   UCA0IRRCTL
0000005e   UCA0IRTCTL
00000064   UCA0MCTL
00000066   UCA0RXBUF
00000065   UCA0STAT
00000067   UCA0TXBUF
0000006a   UCB0BR0
0000006b   UCB0BR1
00000068   UCB0CTL0
00000069   UCB0CTL1
0000006c   UCB0I2CIE
00000118   UCB0I2COA
0000011a   UCB0I2CSA
0000006e   UCB0RXBUF
0000006d   UCB0STAT
0000006f   UCB0TXBUF
0000c2c6   USCI0RX_ISR
0000c2e4   USCI0TX_ISR
0000c270   USCI_A0_init
00000120   WDTCTL
00000400   __STACK_END
00000050   __STACK_SIZE
00000001   __TI_args_main
00000001   __TI_auto_init
00000001   __TI_exit
ffffffff   __binit__
00000200   __bss__
ffffffff   __c_args__
0000c426   __cinit__
00000264   __end__
0000c37e   __etext__
ffffffff   __pinit__
0000c000   __text__
0000c184   _auto_init
0000c2a0   _c_int00
0000c2a0   _c_int00_noexit
00000260   _cleanup_ptr
00000262   _dtors_ptr
0000025c   _lock
0000c37c   _nop
0000fffe   _reset_vector
000003b0   _stack
0000c374   _system_pre_init
0000025e   _unlock
0000c378   abort
ffffffff   binit
0000c426   cinit
00000264   end
0000c37e   etext
0000c370   func_epilog_1
0000c36e   func_epilog_2
0000c36c   func_epilog_3
0000c36a   func_epilog_4
0000c368   func_epilog_5
0000c366   func_epilog_6
0000c364   func_epilog_7
0000c354   main
0000c342   memcpy
ffffffff   pinit


GLOBAL SYMBOLS: SORTED BY Symbol Address 

address    name
--------   ----
00000000   IE1
00000001   IE2
00000001   __TI_args_main
00000001   __TI_auto_init
00000001   __TI_exit
00000002   IFG1
00000003   IFG2
00000010   P3REN
00000018   P3IN
00000019   P3OUT
0000001a   P3DIR
0000001b   P3SEL
00000020   P1IN
00000021   P1OUT
00000022   P1DIR
00000023   P1IFG
00000024   P1IES
00000025   P1IE
00000026   P1SEL
00000027   P1REN
00000028   P2IN
00000029   P2OUT
0000002a   P2DIR
0000002b   P2IFG
0000002c   P2IES
0000002d   P2IE
0000002e   P2SEL
0000002f   P2REN
00000041   P1SEL2
00000042   P2SEL2
00000043   P3SEL2
00000048   ADC10DTC0
00000049   ADC10DTC1
0000004a   ADC10AE0
00000050   __STACK_SIZE
00000053   BCSCTL3
00000056   DCOCTL
00000057   BCSCTL1
00000058   BCSCTL2
00000059   CACTL1
0000005a   CACTL2
0000005b   CAPD
0000005d   UCA0ABCTL
0000005e   UCA0IRTCTL
0000005f   UCA0IRRCTL
00000060   UCA0CTL0
00000061   UCA0CTL1
00000062   UCA0BR0
00000063   UCA0BR1
00000064   UCA0MCTL
00000065   UCA0STAT
00000066   UCA0RXBUF
00000067   UCA0TXBUF
00000068   UCB0CTL0
00000069   UCB0CTL1
0000006a   UCB0BR0
0000006b   UCB0BR1
0000006c   UCB0I2CIE
0000006d   UCB0STAT
0000006e   UCB0RXBUF
0000006f   UCB0TXBUF
00000118   UCB0I2COA
0000011a   UCB0I2CSA
0000011e   TA1IV
00000120   WDTCTL
00000128   FCTL1
0000012a   FCTL2
0000012c   FCTL3
0000012e   TA0IV
00000160   TA0CTL
00000162   TA0CCTL0
00000164   TA0CCTL1
00000166   TA0CCTL2
00000170   TA0R
00000172   TA0CCR0
00000174   TA0CCR1
00000176   TA0CCR2
00000180   TA1CTL
00000182   TA1CCTL0
00000184   TA1CCTL1
00000186   TA1CCTL2
00000190   TA1R
00000192   TA1CCR0
00000194   TA1CCR1
00000196   TA1CCR2
000001b0   ADC10CTL0
000001b2   ADC10CTL1
000001b4   ADC10MEM
000001bc   ADC10SA
00000200   .bss
00000200   Rx_FIFO
00000200   __bss__
00000210   Rx_FIFO_DataNum
00000212   Rx_FIFO_IndexR
00000214   Rx_FIFO_IndexW
00000216   Tx_FIFO
00000256   Tx_FIFO_DataNum
00000258   Tx_FIFO_IndexR
0000025a   Tx_FIFO_IndexW
0000025c   _lock
0000025e   _unlock
00000260   _cleanup_ptr
00000262   _dtors_ptr
00000264   __end__
00000264   end
000003b0   _stack
00000400   __STACK_END
000010f8   CALDCO_16MHZ
000010f9   CALBC1_16MHZ
000010fa   CALDCO_12MHZ
000010fb   CALBC1_12MHZ
000010fc   CALDCO_8MHZ
000010fd   CALBC1_8MHZ
000010fe   CALDCO_1MHZ
000010ff   CALBC1_1MHZ
0000c000   .text
0000c000   Command_match
0000c000   __text__
0000c0f4   UART_OnRx
0000c184   _auto_init
0000c1ca   Tx_FIFO_WriteChar
0000c20c   Rx_FIFO_WriteChar
0000c23e   Tx_FIFO_ReadChar
0000c270   USCI_A0_init
0000c2a0   _c_int00
0000c2a0   _c_int00_noexit
0000c2c6   USCI0RX_ISR
0000c2e4   USCI0TX_ISR
0000c302   UART_OnTx
0000c318   UART_SendString
0000c32e   Rx_FIFO_Clear
0000c342   memcpy
0000c354   main
0000c364   func_epilog_7
0000c366   func_epilog_6
0000c368   func_epilog_5
0000c36a   func_epilog_4
0000c36c   func_epilog_3
0000c36e   func_epilog_2
0000c370   func_epilog_1
0000c374   _system_pre_init
0000c378   C$$EXIT
0000c378   abort
0000c37c   _nop
0000c37e   String1
0000c37e   __etext__
0000c37e   etext
0000c3a8   String2
0000c3c0   String4
0000c3d8   String6
0000c3ee   String3
0000c400   String5
0000c412   String7
0000c422   Out_DELETE
0000c426   __cinit__
0000c426   cinit
0000fffe   _reset_vector
ffffffff   __binit__
ffffffff   __c_args__
ffffffff   __pinit__
ffffffff   binit
ffffffff   pinit

[162 symbols]
