******************************************************************************
                  MSP430 Linker PC v4.4.5                      
******************************************************************************
>> Linked Sat Feb 20 12:32:41 2016

OUTPUT FILE NAME:   <Volt_Meter.out>
ENTRY POINT SYMBOL: "_c_int00_noinit_noargs_noexit"  address: 0000d21e


MEMORY CONFIGURATION

         name            origin    length      used     unused   attr    fill
----------------------  --------  ---------  --------  --------  ----  --------
  SFR                   00000000   00000010  00000000  00000010  RWIX
  PERIPHERALS_8BIT      00000010   000000f0  00000000  000000f0  RWIX
  PERIPHERALS_16BIT     00000100   00000100  00000000  00000100  RWIX
  RAM                   00000200   00000200  00000050  000001b0  RWIX
  INFOD                 00001000   00000040  00000000  00000040  RWIX
  INFOC                 00001040   00000040  00000000  00000040  RWIX
  INFOB                 00001080   00000040  00000000  00000040  RWIX
  INFOA                 000010c0   00000040  00000000  00000040  RWIX
  FLASH                 0000c000   00003fde  00001293  00002d4b  RWIX
  BSLSIGNATURE          0000ffde   00000002  00000002  00000000  RWIX  ffff 
  INT00                 0000ffe0   00000002  00000002  00000000  RWIX
  INT01                 0000ffe2   00000002  00000000  00000002  RWIX
  INT02                 0000ffe4   00000002  00000002  00000000  RWIX
  INT03                 0000ffe6   00000002  00000002  00000000  RWIX
  INT04                 0000ffe8   00000002  00000000  00000002  RWIX
  INT05                 0000ffea   00000002  00000002  00000000  RWIX
  INT06                 0000ffec   00000002  00000002  00000000  RWIX
  INT07                 0000ffee   00000002  00000002  00000000  RWIX
  INT08                 0000fff0   00000002  00000002  00000000  RWIX
  INT09                 0000fff2   00000002  00000002  00000000  RWIX
  INT10                 0000fff4   00000002  00000002  00000000  RWIX
  INT11                 0000fff6   00000002  00000002  00000000  RWIX
  INT12                 0000fff8   00000002  00000002  00000000  RWIX
  INT13                 0000fffa   00000002  00000002  00000000  RWIX
  INT14                 0000fffc   00000002  00000002  00000000  RWIX
  RESET                 0000fffe   00000002  00000002  00000000  RWIX


SECTION ALLOCATION MAP

 output                                  attributes/
section   page    origin      length       input sections
--------  ----  ----------  ----------   ----------------
.stack     0    000003b0    00000050     UNINITIALIZED
                  000003b0    00000002     rts430_eabi.lib : boot.obj (.stack)
                  000003b2    0000004e     --HOLE--

.text      0    0000c000    00001266     
                  0000c000    00000462     rts430_eabi.lib : frcdivd.obj (.text:__TI_frcdivd)
                  0000c462    000002f4                     : frcmpyd.obj (.text:__TI_frcmpyd)
                  0000c756    0000026e                     : mpyd.obj (.text:__mspabi_mpyd)
                  0000c9c4    00000238                     : divd.obj (.text:__mspabi_divd)
                  0000cbfc    000000c2                     : fs_mpy.obj (.text)
                  0000ccbe    0000009c     main.obj (.text:main)
                  0000cd5a    0000009a     main.obj (.text:PrintFloat)
                  0000cdf4    0000008c     rts430_eabi.lib : cvtdf.obj (.text:__mspabi_cvtdf)
                  0000ce80    00000080                     : fltuld.obj (.text:__mspabi_fltuld)
                  0000cf00    0000005e     main.obj (.text:PrintNumber)
                  0000cf5e    0000005c     rts430_eabi.lib : lsr32.obj (.text:l_lsr_const)
                  0000cfba    0000004c                     : lsr16.obj (.text)
                  0000d006    00000046                     : fs_tou.obj (.text)
                  0000d04c    0000003e                     : asr32.obj (.text:l_asr_const)
                  0000d08a    0000003e                     : lsl32.obj (.text:l_lsl_const)
                  0000d0c8    0000003c     main.obj (.text:InitADC)
                  0000d104    0000002e     main.obj (.text:InitUART)
                  0000d132    0000002c     rts430_eabi.lib : asr16.obj (.text)
                  0000d15e    0000002c                     : lsl16.obj (.text)
                  0000d18a    00000026                     : mult32.obj (.text)
                  0000d1b0    0000001a     main.obj (.text:UARTSendString)
                  0000d1ca    00000018     main.obj (.text:InitSystemClock)
                  0000d1e2    00000016     rts430_eabi.lib : div16u.obj (.text)
                  0000d1f8    00000014                     : mult16.obj (.text)
                  0000d20c    00000012     main.obj (.text:GetADCValue)
                  0000d21e    00000012     rts430_eabi.lib : boot_special.obj (.text:_c_int00_noinit_noargs_noexit)
                  0000d230    00000012                     : memcpy.obj (.text:memcpy)
                  0000d242    00000010                     : epilog.obj (.text)
                  0000d252    00000006                     : fltud.obj (.text:__mspabi_fltud)
                  0000d258    00000006                     : isr_trap.obj (.text:_isr:__TI_ISR_TRAP)
                  0000d25e    00000004                     : pre_init.obj (.text:_system_pre_init)
                  0000d262    00000004                     : exit.obj (.text:abort)

.cinit     0    0000c000    00000000     UNINITIALIZED

.const     0    0000d266    0000002d     
                  0000d266    00000022     main.obj (.const:.string)
                  0000d288    00000006     main.obj (.const:.string:$P$T0$1)
                  0000d28e    00000005     main.obj (.const:.string:$P$T1$2)

.init_array 
*          0    0000c000    00000000     UNINITIALIZED

TRAPINT    0    0000ffe0    00000002     
                  0000ffe0    00000002     rts430_eabi.lib : int00.obj (.int00)

$fill000   0    0000ffde    00000002     
                  0000ffde    00000002     --HOLE-- [fill = ffff]

PORT1      0    0000ffe4    00000002     
                  0000ffe4    00000002     rts430_eabi.lib : int02.obj (.int02)

PORT2      0    0000ffe6    00000002     
                  0000ffe6    00000002     rts430_eabi.lib : int03.obj (.int03)

ADC10      0    0000ffea    00000002     
                  0000ffea    00000002     rts430_eabi.lib : int05.obj (.int05)

USCIAB0TX 
*          0    0000ffec    00000002     
                  0000ffec    00000002     rts430_eabi.lib : int06.obj (.int06)

USCIAB0RX 
*          0    0000ffee    00000002     
                  0000ffee    00000002     rts430_eabi.lib : int07.obj (.int07)

TIMER0_A1 
*          0    0000fff0    00000002     
                  0000fff0    00000002     rts430_eabi.lib : int08.obj (.int08)

TIMER0_A0 
*          0    0000fff2    00000002     
                  0000fff2    00000002     rts430_eabi.lib : int09.obj (.int09)

WDT        0    0000fff4    00000002     
                  0000fff4    00000002     rts430_eabi.lib : int10.obj (.int10)

COMPARATORA 
*          0    0000fff6    00000002     
                  0000fff6    00000002     rts430_eabi.lib : int11.obj (.int11)

TIMER1_A1 
*          0    0000fff8    00000002     
                  0000fff8    00000002     rts430_eabi.lib : int12.obj (.int12)

TIMER1_A0 
*          0    0000fffa    00000002     
                  0000fffa    00000002     rts430_eabi.lib : int13.obj (.int13)

NMI        0    0000fffc    00000002     
                  0000fffc    00000002     rts430_eabi.lib : int14.obj (.int14)

.reset     0    0000fffe    00000002     
                  0000fffe    00000002     rts430_eabi.lib : boot.obj (.reset)


GLOBAL SYMBOLS: SORTED ALPHABETICALLY BY Name 

address   name                         
-------   ----                         
0000004a  ADC10AE0                     
000001b0  ADC10CTL0                    
000001b2  ADC10CTL1                    
00000048  ADC10DTC0                    
00000049  ADC10DTC1                    
000001b4  ADC10MEM                     
000001bc  ADC10SA                      
00000057  BCSCTL1                      
00000058  BCSCTL2                      
00000053  BCSCTL3                      
0000d262  C$$EXIT                      
00000059  CACTL1                       
0000005a  CACTL2                       
000010fb  CALBC1_12MHZ                 
000010f9  CALBC1_16MHZ                 
000010ff  CALBC1_1MHZ                  
000010fd  CALBC1_8MHZ                  
000010fa  CALDCO_12MHZ                 
000010f8  CALDCO_16MHZ                 
000010fe  CALDCO_1MHZ                  
000010fc  CALDCO_8MHZ                  
0000005b  CAPD                         
00000056  DCOCTL                       
00000128  FCTL1                        
0000012a  FCTL2                        
0000012c  FCTL3                        
0000d20c  GetADCValue                  
00000000  IE1                          
00000001  IE2                          
00000002  IFG1                         
00000003  IFG2                         
0000d0c8  InitADC                      
0000d1ca  InitSystemClock              
0000d104  InitUART                     
00000022  P1DIR                        
00000025  P1IE                         
00000024  P1IES                        
00000023  P1IFG                        
00000020  P1IN                         
00000021  P1OUT                        
00000027  P1REN                        
00000026  P1SEL                        
00000041  P1SEL2                       
0000002a  P2DIR                        
0000002d  P2IE                         
0000002c  P2IES                        
0000002b  P2IFG                        
00000028  P2IN                         
00000029  P2OUT                        
0000002f  P2REN                        
0000002e  P2SEL                        
00000042  P2SEL2                       
0000001a  P3DIR                        
00000018  P3IN                         
00000019  P3OUT                        
00000010  P3REN                        
0000001b  P3SEL                        
00000043  P3SEL2                       
0000cd5a  PrintFloat                   
0000cf00  PrintNumber                  
00000172  TA0CCR0                      
00000174  TA0CCR1                      
00000176  TA0CCR2                      
00000162  TA0CCTL0                     
00000164  TA0CCTL1                     
00000166  TA0CCTL2                     
00000160  TA0CTL                       
0000012e  TA0IV                        
00000170  TA0R                         
00000192  TA1CCR0                      
00000194  TA1CCR1                      
00000196  TA1CCR2                      
00000182  TA1CCTL0                     
00000184  TA1CCTL1                     
00000186  TA1CCTL2                     
00000180  TA1CTL                       
0000011e  TA1IV                        
00000190  TA1R                         
000010db  TLV_ADC10_1_LEN              
000010da  TLV_ADC10_1_TAG              
000010c0  TLV_CHECKSUM                 
000010f7  TLV_DCO_30_LEN               
000010f6  TLV_DCO_30_TAG               
0000d1b0  UARTSendString               
0000005d  UCA0ABCTL                    
00000062  UCA0BR0                      
00000063  UCA0BR1                      
00000060  UCA0CTL0                     
00000061  UCA0CTL1                     
0000005f  UCA0IRRCTL                   
0000005e  UCA0IRTCTL                   
00000064  UCA0MCTL                     
00000066  UCA0RXBUF                    
00000065  UCA0STAT                     
00000067  UCA0TXBUF                    
0000006a  UCB0BR0                      
0000006b  UCB0BR1                      
00000068  UCB0CTL0                     
00000069  UCB0CTL1                     
0000006c  UCB0I2CIE                    
00000118  UCB0I2COA                    
0000011a  UCB0I2CSA                    
0000006e  UCB0RXBUF                    
0000006d  UCB0STAT                     
0000006f  UCB0TXBUF                    
00000120  WDTCTL                       
00000400  __STACK_END                  
00000050  __STACK_SIZE                 
0000d258  __TI_ISR_TRAP                
0000c000  __TI_frcdivd                 
0000c462  __TI_frcmpyd                 
0000ffe0  __TI_int00                   
0000ffe4  __TI_int02                   
0000ffe6  __TI_int03                   
0000ffea  __TI_int05                   
0000ffec  __TI_int06                   
0000ffee  __TI_int07                   
0000fff0  __TI_int08                   
0000fff2  __TI_int09                   
0000fff4  __TI_int10                   
0000fff6  __TI_int11                   
0000fff8  __TI_int12                   
0000fffa  __TI_int13                   
0000fffc  __TI_int14                   
ffffffff  __binit__                    
ffffffff  __c_args__                   
0000cdf4  __mspabi_cvtdf               
0000c9c4  __mspabi_divd                
0000d1e2  __mspabi_divu                
0000d006  __mspabi_fixfu               
0000d252  __mspabi_fltud               
0000ce80  __mspabi_fltuld              
0000d24e  __mspabi_func_epilog_1       
0000d24c  __mspabi_func_epilog_2       
0000d24a  __mspabi_func_epilog_3       
0000d248  __mspabi_func_epilog_4       
0000d246  __mspabi_func_epilog_5       
0000d244  __mspabi_func_epilog_6       
0000d242  __mspabi_func_epilog_7       
0000c756  __mspabi_mpyd                
0000cbfc  __mspabi_mpyf                
0000d1f8  __mspabi_mpyi                
0000d1f8  __mspabi_mpyi_sw             
0000d18a  __mspabi_mpyl                
0000d18a  __mspabi_mpyl_sw             
0000d1e2  __mspabi_remu                
0000d15e  __mspabi_slli                
0000d186  __mspabi_slli_1              
0000d174  __mspabi_slli_10             
0000d172  __mspabi_slli_11             
0000d170  __mspabi_slli_12             
0000d16e  __mspabi_slli_13             
0000d16c  __mspabi_slli_14             
0000d16a  __mspabi_slli_15             
0000d184  __mspabi_slli_2              
0000d182  __mspabi_slli_3              
0000d180  __mspabi_slli_4              
0000d17e  __mspabi_slli_5              
0000d17c  __mspabi_slli_6              
0000d17a  __mspabi_slli_7              
0000d178  __mspabi_slli_8              
0000d176  __mspabi_slli_9              
0000d0c2  __mspabi_slll_1              
0000d09e  __mspabi_slll_10             
0000d09a  __mspabi_slll_11             
0000d096  __mspabi_slll_12             
0000d092  __mspabi_slll_13             
0000d08e  __mspabi_slll_14             
0000d08a  __mspabi_slll_15             
0000d0be  __mspabi_slll_2              
0000d0ba  __mspabi_slll_3              
0000d0b6  __mspabi_slll_4              
0000d0b2  __mspabi_slll_5              
0000d0ae  __mspabi_slll_6              
0000d0aa  __mspabi_slll_7              
0000d0a6  __mspabi_slll_8              
0000d0a2  __mspabi_slll_9              
0000d132  __mspabi_srai                
0000d15a  __mspabi_srai_1              
0000d148  __mspabi_srai_10             
0000d146  __mspabi_srai_11             
0000d144  __mspabi_srai_12             
0000d142  __mspabi_srai_13             
0000d140  __mspabi_srai_14             
0000d13e  __mspabi_srai_15             
0000d158  __mspabi_srai_2              
0000d156  __mspabi_srai_3              
0000d154  __mspabi_srai_4              
0000d152  __mspabi_srai_5              
0000d150  __mspabi_srai_6              
0000d14e  __mspabi_srai_7              
0000d14c  __mspabi_srai_8              
0000d14a  __mspabi_srai_9              
0000d084  __mspabi_sral_1              
0000d060  __mspabi_sral_10             
0000d05c  __mspabi_sral_11             
0000d058  __mspabi_sral_12             
0000d054  __mspabi_sral_13             
0000d050  __mspabi_sral_14             
0000d04c  __mspabi_sral_15             
0000d080  __mspabi_sral_2              
0000d07c  __mspabi_sral_3              
0000d078  __mspabi_sral_4              
0000d074  __mspabi_sral_5              
0000d070  __mspabi_sral_6              
0000d06c  __mspabi_sral_7              
0000d068  __mspabi_sral_8              
0000d064  __mspabi_sral_9              
0000cfba  __mspabi_srli                
0000d000  __mspabi_srli_1              
0000cfdc  __mspabi_srli_10             
0000cfd8  __mspabi_srli_11             
0000cfd4  __mspabi_srli_12             
0000cfd0  __mspabi_srli_13             
0000cfcc  __mspabi_srli_14             
0000cfc8  __mspabi_srli_15             
0000cffc  __mspabi_srli_2              
0000cff8  __mspabi_srli_3              
0000cff4  __mspabi_srli_4              
0000cff0  __mspabi_srli_5              
0000cfec  __mspabi_srli_6              
0000cfe8  __mspabi_srli_7              
0000cfe4  __mspabi_srli_8              
0000cfe0  __mspabi_srli_9              
0000cfb2  __mspabi_srll_1              
0000cf7c  __mspabi_srll_10             
0000cf76  __mspabi_srll_11             
0000cf70  __mspabi_srll_12             
0000cf6a  __mspabi_srll_13             
0000cf64  __mspabi_srll_14             
0000cf5e  __mspabi_srll_15             
0000cfac  __mspabi_srll_2              
0000cfa6  __mspabi_srll_3              
0000cfa0  __mspabi_srll_4              
0000cf9a  __mspabi_srll_5              
0000cf94  __mspabi_srll_6              
0000cf8e  __mspabi_srll_7              
0000cf88  __mspabi_srll_8              
0000cf82  __mspabi_srll_9              
0000d21e  _c_int00_noinit_noargs_noexit
0000fffe  _reset_vector                
000003b0  _stack                       
0000d25e  _system_pre_init             
0000d262  abort                        
ffffffff  binit                        
0000ccbe  main                         
0000d230  memcpy                       


GLOBAL SYMBOLS: SORTED BY Symbol Address 

address   name                         
-------   ----                         
00000000  IE1                          
00000001  IE2                          
00000002  IFG1                         
00000003  IFG2                         
00000010  P3REN                        
00000018  P3IN                         
00000019  P3OUT                        
0000001a  P3DIR                        
0000001b  P3SEL                        
00000020  P1IN                         
00000021  P1OUT                        
00000022  P1DIR                        
00000023  P1IFG                        
00000024  P1IES                        
00000025  P1IE                         
00000026  P1SEL                        
00000027  P1REN                        
00000028  P2IN                         
00000029  P2OUT                        
0000002a  P2DIR                        
0000002b  P2IFG                        
0000002c  P2IES                        
0000002d  P2IE                         
0000002e  P2SEL                        
0000002f  P2REN                        
00000041  P1SEL2                       
00000042  P2SEL2                       
00000043  P3SEL2                       
00000048  ADC10DTC0                    
00000049  ADC10DTC1                    
0000004a  ADC10AE0                     
00000050  __STACK_SIZE                 
00000053  BCSCTL3                      
00000056  DCOCTL                       
00000057  BCSCTL1                      
00000058  BCSCTL2                      
00000059  CACTL1                       
0000005a  CACTL2                       
0000005b  CAPD                         
0000005d  UCA0ABCTL                    
0000005e  UCA0IRTCTL                   
0000005f  UCA0IRRCTL                   
00000060  UCA0CTL0                     
00000061  UCA0CTL1                     
00000062  UCA0BR0                      
00000063  UCA0BR1                      
00000064  UCA0MCTL                     
00000065  UCA0STAT                     
00000066  UCA0RXBUF                    
00000067  UCA0TXBUF                    
00000068  UCB0CTL0                     
00000069  UCB0CTL1                     
0000006a  UCB0BR0                      
0000006b  UCB0BR1                      
0000006c  UCB0I2CIE                    
0000006d  UCB0STAT                     
0000006e  UCB0RXBUF                    
0000006f  UCB0TXBUF                    
00000118  UCB0I2COA                    
0000011a  UCB0I2CSA                    
0000011e  TA1IV                        
00000120  WDTCTL                       
00000128  FCTL1                        
0000012a  FCTL2                        
0000012c  FCTL3                        
0000012e  TA0IV                        
00000160  TA0CTL                       
00000162  TA0CCTL0                     
00000164  TA0CCTL1                     
00000166  TA0CCTL2                     
00000170  TA0R                         
00000172  TA0CCR0                      
00000174  TA0CCR1                      
00000176  TA0CCR2                      
00000180  TA1CTL                       
00000182  TA1CCTL0                     
00000184  TA1CCTL1                     
00000186  TA1CCTL2                     
00000190  TA1R                         
00000192  TA1CCR0                      
00000194  TA1CCR1                      
00000196  TA1CCR2                      
000001b0  ADC10CTL0                    
000001b2  ADC10CTL1                    
000001b4  ADC10MEM                     
000001bc  ADC10SA                      
000003b0  _stack                       
00000400  __STACK_END                  
000010c0  TLV_CHECKSUM                 
000010da  TLV_ADC10_1_TAG              
000010db  TLV_ADC10_1_LEN              
000010f6  TLV_DCO_30_TAG               
000010f7  TLV_DCO_30_LEN               
000010f8  CALDCO_16MHZ                 
000010f9  CALBC1_16MHZ                 
000010fa  CALDCO_12MHZ                 
000010fb  CALBC1_12MHZ                 
000010fc  CALDCO_8MHZ                  
000010fd  CALBC1_8MHZ                  
000010fe  CALDCO_1MHZ                  
000010ff  CALBC1_1MHZ                  
0000c000  __TI_frcdivd                 
0000c462  __TI_frcmpyd                 
0000c756  __mspabi_mpyd                
0000c9c4  __mspabi_divd                
0000cbfc  __mspabi_mpyf                
0000ccbe  main                         
0000cd5a  PrintFloat                   
0000cdf4  __mspabi_cvtdf               
0000ce80  __mspabi_fltuld              
0000cf00  PrintNumber                  
0000cf5e  __mspabi_srll_15             
0000cf64  __mspabi_srll_14             
0000cf6a  __mspabi_srll_13             
0000cf70  __mspabi_srll_12             
0000cf76  __mspabi_srll_11             
0000cf7c  __mspabi_srll_10             
0000cf82  __mspabi_srll_9              
0000cf88  __mspabi_srll_8              
0000cf8e  __mspabi_srll_7              
0000cf94  __mspabi_srll_6              
0000cf9a  __mspabi_srll_5              
0000cfa0  __mspabi_srll_4              
0000cfa6  __mspabi_srll_3              
0000cfac  __mspabi_srll_2              
0000cfb2  __mspabi_srll_1              
0000cfba  __mspabi_srli                
0000cfc8  __mspabi_srli_15             
0000cfcc  __mspabi_srli_14             
0000cfd0  __mspabi_srli_13             
0000cfd4  __mspabi_srli_12             
0000cfd8  __mspabi_srli_11             
0000cfdc  __mspabi_srli_10             
0000cfe0  __mspabi_srli_9              
0000cfe4  __mspabi_srli_8              
0000cfe8  __mspabi_srli_7              
0000cfec  __mspabi_srli_6              
0000cff0  __mspabi_srli_5              
0000cff4  __mspabi_srli_4              
0000cff8  __mspabi_srli_3              
0000cffc  __mspabi_srli_2              
0000d000  __mspabi_srli_1              
0000d006  __mspabi_fixfu               
0000d04c  __mspabi_sral_15             
0000d050  __mspabi_sral_14             
0000d054  __mspabi_sral_13             
0000d058  __mspabi_sral_12             
0000d05c  __mspabi_sral_11             
0000d060  __mspabi_sral_10             
0000d064  __mspabi_sral_9              
0000d068  __mspabi_sral_8              
0000d06c  __mspabi_sral_7              
0000d070  __mspabi_sral_6              
0000d074  __mspabi_sral_5              
0000d078  __mspabi_sral_4              
0000d07c  __mspabi_sral_3              
0000d080  __mspabi_sral_2              
0000d084  __mspabi_sral_1              
0000d08a  __mspabi_slll_15             
0000d08e  __mspabi_slll_14             
0000d092  __mspabi_slll_13             
0000d096  __mspabi_slll_12             
0000d09a  __mspabi_slll_11             
0000d09e  __mspabi_slll_10             
0000d0a2  __mspabi_slll_9              
0000d0a6  __mspabi_slll_8              
0000d0aa  __mspabi_slll_7              
0000d0ae  __mspabi_slll_6              
0000d0b2  __mspabi_slll_5              
0000d0b6  __mspabi_slll_4              
0000d0ba  __mspabi_slll_3              
0000d0be  __mspabi_slll_2              
0000d0c2  __mspabi_slll_1              
0000d0c8  InitADC                      
0000d104  InitUART                     
0000d132  __mspabi_srai                
0000d13e  __mspabi_srai_15             
0000d140  __mspabi_srai_14             
0000d142  __mspabi_srai_13             
0000d144  __mspabi_srai_12             
0000d146  __mspabi_srai_11             
0000d148  __mspabi_srai_10             
0000d14a  __mspabi_srai_9              
0000d14c  __mspabi_srai_8              
0000d14e  __mspabi_srai_7              
0000d150  __mspabi_srai_6              
0000d152  __mspabi_srai_5              
0000d154  __mspabi_srai_4              
0000d156  __mspabi_srai_3              
0000d158  __mspabi_srai_2              
0000d15a  __mspabi_srai_1              
0000d15e  __mspabi_slli                
0000d16a  __mspabi_slli_15             
0000d16c  __mspabi_slli_14             
0000d16e  __mspabi_slli_13             
0000d170  __mspabi_slli_12             
0000d172  __mspabi_slli_11             
0000d174  __mspabi_slli_10             
0000d176  __mspabi_slli_9              
0000d178  __mspabi_slli_8              
0000d17a  __mspabi_slli_7              
0000d17c  __mspabi_slli_6              
0000d17e  __mspabi_slli_5              
0000d180  __mspabi_slli_4              
0000d182  __mspabi_slli_3              
0000d184  __mspabi_slli_2              
0000d186  __mspabi_slli_1              
0000d18a  __mspabi_mpyl                
0000d18a  __mspabi_mpyl_sw             
0000d1b0  UARTSendString               
0000d1ca  InitSystemClock              
0000d1e2  __mspabi_divu                
0000d1e2  __mspabi_remu                
0000d1f8  __mspabi_mpyi                
0000d1f8  __mspabi_mpyi_sw             
0000d20c  GetADCValue                  
0000d21e  _c_int00_noinit_noargs_noexit
0000d230  memcpy                       
0000d242  __mspabi_func_epilog_7       
0000d244  __mspabi_func_epilog_6       
0000d246  __mspabi_func_epilog_5       
0000d248  __mspabi_func_epilog_4       
0000d24a  __mspabi_func_epilog_3       
0000d24c  __mspabi_func_epilog_2       
0000d24e  __mspabi_func_epilog_1       
0000d252  __mspabi_fltud               
0000d258  __TI_ISR_TRAP                
0000d25e  _system_pre_init             
0000d262  C$$EXIT                      
0000d262  abort                        
0000ffe0  __TI_int00                   
0000ffe4  __TI_int02                   
0000ffe6  __TI_int03                   
0000ffea  __TI_int05                   
0000ffec  __TI_int06                   
0000ffee  __TI_int07                   
0000fff0  __TI_int08                   
0000fff2  __TI_int09                   
0000fff4  __TI_int10                   
0000fff6  __TI_int11                   
0000fff8  __TI_int12                   
0000fffa  __TI_int13                   
0000fffc  __TI_int14                   
0000fffe  _reset_vector                
ffffffff  __binit__                    
ffffffff  __c_args__                   
ffffffff  binit                        

[247 symbols]
